 ⚠ Fast Refresh had to perform a full reload. Read more: https://nextjs.org/docs/messages/fast-refresh-reload
 ⚠ Fast Refresh had to perform a full reload. Read more: https://nextjs.org/docs/messages/fast-refresh-reload
 ⚠ Fast Refresh had to perform a full reload. Read more: https://nextjs.org/docs/messages/fast-refresh-reload
 ⨯ TypeError: __webpack_require__.C is not a function
    at <unknown> (C:\Users\joaqu\OneDrive\Documentos\claudeprojects\Mysha\.next\server\app\(v2)\v2\lugares\page.js:419:21)
    at Object.<anonymous> (C:\Users\joaqu\OneDrive\Documentos\claudeprojects\Mysha\.next\server\app\(v2)\v2\lugares\page.js:424:3) {
  page: '/v2/lugares'
}
Watchpack Error (initial scan): Error: EINVAL: invalid argument, lstat 'C:\DumpStack.log.tmp'
Watchpack Error (initial scan): Error: EINVAL: invalid argument, lstat 'C:\hiberfil.sys'
Watchpack Error (initial scan): Error: EINVAL: invalid argument, lstat 'C:\pagefile.sys'
Watchpack Error (initial scan): Error: EINVAL: invalid argument, lstat 'C:\swapfile.sys'
Watchpack Error (initial scan): Error: EINVAL: invalid argument, lstat 'C:\DumpStack.log.tmp'
Watchpack Error (initial scan): Error: EINVAL: invalid argument, lstat 'C:\hiberfil.sys'
Watchpack Error (initial scan): Error: EINVAL: invalid argument, lstat 'C:\swapfile.sys'
Watchpack Error (initial scan): Error: EINVAL: invalid argument, lstat 'C:\pagefile.sys'
<w> [webpack.cache.PackFileCacheStrategy] Caching failed for pack: Error: ENOENT: no such file or directory, rename 'C:\Users\joaqu\OneDrive\Documentos\claudeprojects\Mysha\.next\cache\webpack\server-development\1.pack.gz_' -> 'C:\Users\joaqu\OneDrive\Documentos\claudeprojects\Mysha\.next\cache\webpack\server-development\1.pack.gz'
 ⚠ Fast Refresh had to perform a full reload. Read more: https://nextjs.org/docs/messages/fast-refresh-reload
<w> [webpack.cache.PackFileCacheStrategy] Caching failed for pack: Error: ENOENT: no such file or directory, rename 'C:\Users\joaqu\OneDrive\Documentos\claudeprojects\Mysha\.next\cache\webpack\client-development\0.pack.gz_' -> 'C:\Users\joaqu\OneDrive\Documentos\claudeprojects\Mysha\.next\cache\webpack\client-development\0.pack.gz'
 ⚠ Fast Refresh had to perform a full reload. Read more: https://nextjs.org/docs/messages/fast-refresh-reload
 ⚠ Fast Refresh had to perform a full reload. Read more: https://nextjs.org/docs/messages/fast-refresh-reload
<w> [webpack.cache.PackFileCacheStrategy] Caching failed for pack: Error: ENOENT: no such file or directory, rename 'C:\Users\joaqu\OneDrive\Documentos\claudeprojects\Mysha\.next\cache\webpack\server-development\11.pack.gz_' -> 'C:\Users\joaqu\OneDrive\Documentos\claudeprojects\Mysha\.next\cache\webpack\server-development\11.pack.gz'
 ⚠ Fast Refresh had to perform a full reload. Read more: https://nextjs.org/docs/messages/fast-refresh-reload
 ⚠ Fast Refresh had to perform a full reload. Read more: https://nextjs.org/docs/messages/fast-refresh-reload
 ⚠ Fast Refresh had to perform a full reload. Read more: https://nextjs.org/docs/messages/fast-refresh-reload
 ⚠ Fast Refresh had to perform a full reload. Read more: https://nextjs.org/docs/messages/fast-refresh-reload
 ⚠ Fast Refresh had to perform a full reload. Read more: https://nextjs.org/docs/messages/fast-refresh-reload
 ⚠ Fast Refresh had to perform a full reload. Read more: https://nextjs.org/docs/messages/fast-refresh-reload
Watchpack Error (stats): Error: EINVAL: invalid argument, lstat 'C:\pagefile.sys'
Watchpack Error (stats): Error: EINVAL: invalid argument, lstat 'C:\pagefile.sys'
Watchpack Error (stats): Error: EINVAL: invalid argument, lstat 'C:\pagefile.sys'
Watchpack Error (stats): Error: EINVAL: invalid argument, lstat 'C:\pagefile.sys'
Watchpack Error (stats): Error: EINVAL: invalid argument, lstat 'C:\pagefile.sys'
Watchpack Error (stats): Error: EINVAL: invalid argument, lstat 'C:\pagefile.sys'
Watchpack Error (stats): Error: EINVAL: invalid argument, lstat 'C:\pagefile.sys'
Watchpack Error (stats): Error: EINVAL: invalid argument, lstat 'C:\pagefile.sys'
Watchpack Error (stats): Error: EINVAL: invalid argument, lstat 'C:\pagefile.sys'
Watchpack Error (stats): Error: EINVAL: invalid argument, lstat 'C:\pagefile.sys'
Watchpack Error (stats): Error: EINVAL: invalid argument, lstat 'C:\pagefile.sys'
Watchpack Error (stats): Error: EINVAL: invalid argument, lstat 'C:\pagefile.sys'
Watchpack Error (stats): Error: EINVAL: invalid argument, lstat 'C:\pagefile.sys'
Watchpack Error (stats): Error: EINVAL: invalid argument, lstat 'C:\pagefile.sys'
<w> [webpack.cache.PackFileCacheStrategy] Caching failed for pack: Error: ENOENT: no such file or directory, rename 'C:\Users\joaqu\OneDrive\Documentos\claudeprojects\Mysha\.next\cache\webpack\server-development\5.pack.gz_' -> 'C:\Users\joaqu\OneDrive\Documentos\claudeprojects\Mysha\.next\cache\webpack\server-development\5.pack.gz'
 ⚠ Fast Refresh had to perform a full reload. Read more: https://nextjs.org/docs/messages/fast-refresh-reload
 ⚠ Fast Refresh had to perform a full reload. Read more: https://nextjs.org/docs/messages/fast-refresh-reload
<w> [webpack.cache.PackFileCacheStrategy] Caching failed for pack: Error: ENOENT: no such file or directory, rename 'C:\Users\joaqu\OneDrive\Documentos\claudeprojects\Mysha\.next\cache\webpack\server-development\0.pack.gz_' -> 'C:\Users\joaqu\OneDrive\Documentos\claudeprojects\Mysha\.next\cache\webpack\server-development\0.pack.gz'
 ⚠ Fast Refresh had to perform a full reload. Read more: https://nextjs.org/docs/messages/fast-refresh-reload
<w> [webpack.cache.PackFileCacheStrategy] Caching failed for pack: Error: ENOENT: no such file or directory, rename 'C:\Users\joaqu\OneDrive\Documentos\claudeprojects\Mysha\.next\cache\webpack\server-development\0.pack.gz_' -> 'C:\Users\joaqu\OneDrive\Documentos\claudeprojects\Mysha\.next\cache\webpack\server-development\0.pack.gz'
 ⚠ Fast Refresh had to perform a full reload. Read more: https://nextjs.org/docs/messages/fast-refresh-reload
Watchpack Error (stats): Error: EINVAL: invalid argument, lstat 'C:\pagefile.sys'
Watchpack Error (stats): Error: EINVAL: invalid argument, lstat 'C:\pagefile.sys'
