 ⨯ Error: Could not find the module "C:\Users\joaqu\OneDrive\Documentos\claudeprojects\Mysha\node_modules\next\dist\next-devtools\userspace\app\segment-explorer-node.js#SegmentViewNode" in the React Client Manifest. This is probably a bug in the React Server Components bundler.
    at stringify (<anonymous>) {
  digest: '3112629405'
}
 ⨯ Error: Could not find the module "C:\Users\joaqu\OneDrive\Documentos\claudeprojects\Mysha\node_modules\next\dist\next-devtools\userspace\app\segment-explorer-node.js#SegmentViewNode" in the React Client Manifest. This is probably a bug in the React Server Components bundler.
    at stringify (<anonymous>)
    at stringify (<anonymous>) {
  digest: '243192985'
}
 ⨯ Error: Could not find the module "C:\Users\joaqu\OneDrive\Documentos\claudeprojects\Mysha\node_modules\next\dist\next-devtools\userspace\app\segment-explorer-node.js#SegmentViewNode" in the React Client Manifest. This is probably a bug in the React Server Components bundler.
    at stringify (<anonymous>)
    at stringify (<anonymous>) {
  digest: '243192985'
}
 ⨯ Error: Could not find the module "C:\Users\joaqu\OneDrive\Documentos\claudeprojects\Mysha\node_modules\next\dist\next-devtools\userspace\app\segment-explorer-node.js#SegmentViewNode" in the React Client Manifest. This is probably a bug in the React Server Components bundler.
    at stringify (<anonymous>)
    at stringify (<anonymous>) {
  digest: '243192985'
}
 ⨯ Error: Could not find the module "C:\Users\joaqu\OneDrive\Documentos\claudeprojects\Mysha\node_modules\next\dist\next-devtools\userspace\app\segment-explorer-node.js#SegmentViewNode" in the React Client Manifest. This is probably a bug in the React Server Components bundler.
    at stringify (<anonymous>) {
  digest: '3112629405'
}
 ⨯ Error: Could not find the module "C:\Users\joaqu\OneDrive\Documentos\claudeprojects\Mysha\node_modules\next\dist\next-devtools\userspace\app\segment-explorer-node.js#SegmentViewNode" in the React Client Manifest. This is probably a bug in the React Server Components bundler.
    at stringify (<anonymous>) {
  digest: '3112629405'
}
 ⨯ Error: Could not find the module "C:\Users\joaqu\OneDrive\Documentos\claudeprojects\Mysha\node_modules\next\dist\next-devtools\userspace\app\segment-explorer-node.js#SegmentViewNode" in the React Client Manifest. This is probably a bug in the React Server Components bundler.
    at stringify (<anonymous>) {
  digest: '3112629405'
}
 ⨯ Error: Could not find the module "C:\Users\joaqu\OneDrive\Documentos\claudeprojects\Mysha\node_modules\next\dist\next-devtools\userspace\app\segment-explorer-node.js#SegmentViewNode" in the React Client Manifest. This is probably a bug in the React Server Components bundler.
    at stringify (<anonymous>) {
  digest: '3112629405'
}
 ⨯ Error: Could not find the module "C:\Users\joaqu\OneDrive\Documentos\claudeprojects\Mysha\node_modules\next\dist\next-devtools\userspace\app\segment-explorer-node.js#SegmentViewNode" in the React Client Manifest. This is probably a bug in the React Server Components bundler.
    at stringify (<anonymous>) {
  digest: '3112629405'
}
 ⨯ Error: Could not find the module "C:\Users\joaqu\OneDrive\Documentos\claudeprojects\Mysha\node_modules\next\dist\next-devtools\userspace\app\segment-explorer-node.js#SegmentViewNode" in the React Client Manifest. This is probably a bug in the React Server Components bundler.
    at stringify (<anonymous>)
    at stringify (<anonymous>) {
  digest: '243192985'
}
 ⨯ Error: Could not find the module "C:\Users\joaqu\OneDrive\Documentos\claudeprojects\Mysha\node_modules\next\dist\next-devtools\userspace\app\segment-explorer-node.js#SegmentViewNode" in the React Client Manifest. This is probably a bug in the React Server Components bundler.
    at stringify (<anonymous>)
    at stringify (<anonymous>) {
  digest: '243192985'
}
 ⨯ Error: Could not find the module "C:\Users\joaqu\OneDrive\Documentos\claudeprojects\Mysha\node_modules\next\dist\next-devtools\userspace\app\segment-explorer-node.js#SegmentViewNode" in the React Client Manifest. This is probably a bug in the React Server Components bundler.
    at stringify (<anonymous>)
    at stringify (<anonymous>) {
  digest: '243192985'
}
 ⨯ Error: Could not find the module "C:\Users\joaqu\OneDrive\Documentos\claudeprojects\Mysha\node_modules\next\dist\next-devtools\userspace\app\segment-explorer-node.js#SegmentViewNode" in the React Client Manifest. This is probably a bug in the React Server Components bundler.
    at stringify (<anonymous>) {
  digest: '3112629405'
}
 ⨯ Error: Could not find the module "C:\Users\joaqu\OneDrive\Documentos\claudeprojects\Mysha\node_modules\next\dist\next-devtools\userspace\app\segment-explorer-node.js#SegmentViewNode" in the React Client Manifest. This is probably a bug in the React Server Components bundler.
    at stringify (<anonymous>) {
  digest: '3112629405'
}
 ⨯ Error: Could not find the module "C:\Users\joaqu\OneDrive\Documentos\claudeprojects\Mysha\node_modules\next\dist\next-devtools\userspace\app\segment-explorer-node.js#SegmentViewNode" in the React Client Manifest. This is probably a bug in the React Server Components bundler.
    at stringify (<anonymous>) {
  digest: '3112629405'
}
 ⨯ Error: Could not find the module "C:\Users\joaqu\OneDrive\Documentos\claudeprojects\Mysha\node_modules\next\dist\next-devtools\userspace\app\segment-explorer-node.js#SegmentViewNode" in the React Client Manifest. This is probably a bug in the React Server Components bundler.
    at stringify (<anonymous>) {
  digest: '3112629405'
}
 ⨯ Error: Could not find the module "C:\Users\joaqu\OneDrive\Documentos\claudeprojects\Mysha\node_modules\next\dist\next-devtools\userspace\app\segment-explorer-node.js#SegmentViewNode" in the React Client Manifest. This is probably a bug in the React Server Components bundler.
    at stringify (<anonymous>) {
  digest: '3112629405'
}
 ⨯ Error: Could not find the module "C:\Users\joaqu\OneDrive\Documentos\claudeprojects\Mysha\node_modules\next\dist\next-devtools\userspace\app\segment-explorer-node.js#SegmentViewNode" in the React Client Manifest. This is probably a bug in the React Server Components bundler.
    at stringify (<anonymous>)
    at stringify (<anonymous>) {
  digest: '243192985'
}
 ⨯ Error: Could not find the module "C:\Users\joaqu\OneDrive\Documentos\claudeprojects\Mysha\node_modules\next\dist\next-devtools\userspace\app\segment-explorer-node.js#SegmentViewNode" in the React Client Manifest. This is probably a bug in the React Server Components bundler.
    at stringify (<anonymous>)
    at stringify (<anonymous>) {
  digest: '243192985'
}
 ⨯ Error: Could not find the module "C:\Users\joaqu\OneDrive\Documentos\claudeprojects\Mysha\node_modules\next\dist\next-devtools\userspace\app\segment-explorer-node.js#SegmentViewNode" in the React Client Manifest. This is probably a bug in the React Server Components bundler.
    at stringify (<anonymous>)
    at stringify (<anonymous>) {
  digest: '243192985'
}
 ⨯ Error: Could not find the module "C:\Users\joaqu\OneDrive\Documentos\claudeprojects\Mysha\node_modules\next\dist\next-devtools\userspace\app\segment-explorer-node.js#SegmentViewNode" in the React Client Manifest. This is probably a bug in the React Server Components bundler.
    at stringify (<anonymous>) {
  digest: '3112629405'
}
 ⨯ Error: Could not find the module "C:\Users\joaqu\OneDrive\Documentos\claudeprojects\Mysha\node_modules\next\dist\next-devtools\userspace\app\segment-explorer-node.js#SegmentViewNode" in the React Client Manifest. This is probably a bug in the React Server Components bundler.
    at stringify (<anonymous>) {
  digest: '3112629405'
}
 ⨯ Error: Could not find the module "C:\Users\joaqu\OneDrive\Documentos\claudeprojects\Mysha\node_modules\next\dist\next-devtools\userspace\app\segment-explorer-node.js#SegmentViewNode" in the React Client Manifest. This is probably a bug in the React Server Components bundler.
    at stringify (<anonymous>) {
  digest: '3112629405'
}
 ⨯ Error: Could not find the module "C:\Users\joaqu\OneDrive\Documentos\claudeprojects\Mysha\node_modules\next\dist\next-devtools\userspace\app\segment-explorer-node.js#SegmentViewNode" in the React Client Manifest. This is probably a bug in the React Server Components bundler.
    at stringify (<anonymous>) {
  digest: '3112629405'
}
 ⨯ Error: Could not find the module "C:\Users\joaqu\OneDrive\Documentos\claudeprojects\Mysha\node_modules\next\dist\next-devtools\userspace\app\segment-explorer-node.js#SegmentViewNode" in the React Client Manifest. This is probably a bug in the React Server Components bundler.
    at stringify (<anonymous>) {
  digest: '3112629405'
}
 ⨯ Error: Could not find the module "C:\Users\joaqu\OneDrive\Documentos\claudeprojects\Mysha\node_modules\next\dist\next-devtools\userspace\app\segment-explorer-node.js#SegmentViewNode" in the React Client Manifest. This is probably a bug in the React Server Components bundler.
    at stringify (<anonymous>)
    at stringify (<anonymous>) {
  digest: '243192985'
}
 ⨯ Error: Could not find the module "C:\Users\joaqu\OneDrive\Documentos\claudeprojects\Mysha\node_modules\next\dist\next-devtools\userspace\app\segment-explorer-node.js#SegmentViewNode" in the React Client Manifest. This is probably a bug in the React Server Components bundler.
    at stringify (<anonymous>)
    at stringify (<anonymous>) {
  digest: '243192985'
}
 ⨯ Error: Could not find the module "C:\Users\joaqu\OneDrive\Documentos\claudeprojects\Mysha\node_modules\next\dist\next-devtools\userspace\app\segment-explorer-node.js#SegmentViewNode" in the React Client Manifest. This is probably a bug in the React Server Components bundler.
    at stringify (<anonymous>)
    at stringify (<anonymous>) {
  digest: '243192985'
}
 ⨯ Error: Could not find the module "C:\Users\joaqu\OneDrive\Documentos\claudeprojects\Mysha\node_modules\next\dist\next-devtools\userspace\app\segment-explorer-node.js#SegmentViewNode" in the React Client Manifest. This is probably a bug in the React Server Components bundler.
    at stringify (<anonymous>) {
  digest: '3112629405'
}
 ⨯ Error: Could not find the module "C:\Users\joaqu\OneDrive\Documentos\claudeprojects\Mysha\node_modules\next\dist\next-devtools\userspace\app\segment-explorer-node.js#SegmentViewNode" in the React Client Manifest. This is probably a bug in the React Server Components bundler.
    at stringify (<anonymous>) {
  digest: '3112629405'
}
 ⨯ Error: Could not find the module "C:\Users\joaqu\OneDrive\Documentos\claudeprojects\Mysha\node_modules\next\dist\next-devtools\userspace\app\segment-explorer-node.js#SegmentViewNode" in the React Client Manifest. This is probably a bug in the React Server Components bundler.
    at stringify (<anonymous>) {
  digest: '3112629405'
}
 ⨯ Error: Could not find the module "C:\Users\joaqu\OneDrive\Documentos\claudeprojects\Mysha\node_modules\next\dist\next-devtools\userspace\app\segment-explorer-node.js#SegmentViewNode" in the React Client Manifest. This is probably a bug in the React Server Components bundler.
    at stringify (<anonymous>) {
  digest: '3112629405'
}
[Error: ENOENT: no such file or directory, scandir 'C:\Users\joaqu\OneDrive\Documentos\claudeprojects\Mysha\app\(v2)\v2'] {
  errno: -4058,
  code: 'ENOENT',
  syscall: 'scandir',
  path: 'C:\\Users\\joaqu\\OneDrive\\Documentos\\claudeprojects\\Mysha\\app\\(v2)\\v2'
}
 ⨯ unhandledRejection: [Error: ENOENT: no such file or directory, scandir 'C:\Users\joaqu\OneDrive\Documentos\claudeprojects\Mysha\app\(v2)\v2'] {
  errno: -4058,
  code: 'ENOENT',
  syscall: 'scandir',
  path: 'C:\\Users\\joaqu\\OneDrive\\Documentos\\claudeprojects\\Mysha\\app\\(v2)\\v2'
}
 ⨯ unhandledRejection:  [Error: ENOENT: no such file or directory, scandir 'C:\Users\joaqu\OneDrive\Documentos\claudeprojects\Mysha\app\(v2)\v2'] {
  errno: -4058,
  code: 'ENOENT',
  syscall: 'scandir',
  path: 'C:\\Users\\joaqu\\OneDrive\\Documentos\\claudeprojects\\Mysha\\app\\(v2)\\v2'
}
 ⚠ Found a change in next.config.ts. Restarting the server to apply the changes...
 ⚠ Found a change in next.config.ts. Restarting the server to apply the changes...
 ⚠ Found a change in next.config.ts. Restarting the server to apply the changes...
 ⚠ Found a change in next.config.ts. Restarting the server to apply the changes...
 ⚠ Found a change in next.config.ts. Restarting the server to apply the changes...
 ⚠ Found a change in next.config.ts. Restarting the server to apply the changes...
 ⚠ Found a change in next.config.ts. Restarting the server to apply the changes...
 ⚠ Found a change in next.config.ts. Restarting the server to apply the changes...
 ⨯ Error: Could not find the module "C:\Users\joaqu\OneDrive\Documentos\claudeprojects\Mysha\node_modules\next\dist\next-devtools\userspace\app\segment-explorer-node.js#SegmentViewNode" in the React Client Manifest. This is probably a bug in the React Server Components bundler.
    at stringify (<anonymous>) {
  digest: '3112629405'
}
 ⨯ Error: Could not find the module "C:\Users\joaqu\OneDrive\Documentos\claudeprojects\Mysha\node_modules\next\dist\next-devtools\userspace\app\segment-explorer-node.js#SegmentViewNode" in the React Client Manifest. This is probably a bug in the React Server Components bundler.
    at stringify (<anonymous>)
    at stringify (<anonymous>) {
  digest: '243192985'
}
 ⨯ Error: Could not find the module "C:\Users\joaqu\OneDrive\Documentos\claudeprojects\Mysha\node_modules\next\dist\next-devtools\userspace\app\segment-explorer-node.js#SegmentViewNode" in the React Client Manifest. This is probably a bug in the React Server Components bundler.
    at stringify (<anonymous>)
    at stringify (<anonymous>) {
  digest: '243192985'
}
 ⨯ Error: Could not find the module "C:\Users\joaqu\OneDrive\Documentos\claudeprojects\Mysha\node_modules\next\dist\next-devtools\userspace\app\segment-explorer-node.js#SegmentViewNode" in the React Client Manifest. This is probably a bug in the React Server Components bundler.
    at stringify (<anonymous>)
    at stringify (<anonymous>) {
  digest: '243192985'
}
 ⨯ Error: Could not find the module "C:\Users\joaqu\OneDrive\Documentos\claudeprojects\Mysha\node_modules\next\dist\next-devtools\userspace\app\segment-explorer-node.js#SegmentViewNode" in the React Client Manifest. This is probably a bug in the React Server Components bundler.
    at stringify (<anonymous>) {
  digest: '3112629405'
}
 ⨯ Error: Could not find the module "C:\Users\joaqu\OneDrive\Documentos\claudeprojects\Mysha\node_modules\next\dist\next-devtools\userspace\app\segment-explorer-node.js#SegmentViewNode" in the React Client Manifest. This is probably a bug in the React Server Components bundler.
    at stringify (<anonymous>)
    at stringify (<anonymous>)
    at stringify (<anonymous>) {
  digest: '1126954525'
}
 ⨯ Error: Could not find the module "C:\Users\joaqu\OneDrive\Documentos\claudeprojects\Mysha\node_modules\next\dist\next-devtools\userspace\app\segment-explorer-node.js#SegmentViewNode" in the React Client Manifest. This is probably a bug in the React Server Components bundler.
    at stringify (<anonymous>)
    at stringify (<anonymous>)
    at stringify (<anonymous>) {
  digest: '1126954525'
}
 ⨯ Error: Could not find the module "C:\Users\joaqu\OneDrive\Documentos\claudeprojects\Mysha\node_modules\next\dist\next-devtools\userspace\app\segment-explorer-node.js#SegmentViewNode" in the React Client Manifest. This is probably a bug in the React Server Components bundler.
    at stringify (<anonymous>) {
  digest: '3112629405'
}
 ⨯ Error: Could not find the module "C:\Users\joaqu\OneDrive\Documentos\claudeprojects\Mysha\node_modules\next\dist\next-devtools\userspace\app\segment-explorer-node.js#SegmentViewNode" in the React Client Manifest. This is probably a bug in the React Server Components bundler.
    at stringify (<anonymous>) {
  digest: '3112629405'
}
 ⨯ [TypeError: Cannot read properties of undefined (reading 'call')] {
  digest: '3374976912'
}
 ⨯ Error: Could not find the module "C:\Users\joaqu\OneDrive\Documentos\claudeprojects\Mysha\node_modules\next\dist\next-devtools\userspace\app\segment-explorer-node.js#SegmentViewNode" in the React Client Manifest. This is probably a bug in the React Server Components bundler.
    at stringify (<anonymous>) {
  digest: '3112629405'
}
[TypeError: Cannot read properties of undefined (reading 'call')]
 ⨯ [TypeError: Cannot read properties of undefined (reading 'call')]
 ⨯ [TypeError: Cannot read properties of undefined (reading 'call')] {
  page: '/capitulos/24'
}
 ⨯ Error: Could not find the module "C:\Users\joaqu\OneDrive\Documentos\claudeprojects\Mysha\node_modules\next\dist\next-devtools\userspace\app\segment-explorer-node.js#SegmentViewNode" in the React Client Manifest. This is probably a bug in the React Server Components bundler.
    at stringify (<anonymous>) {
  digest: '3112629405'
}
 ⨯ Error: Could not find the module "C:\Users\joaqu\OneDrive\Documentos\claudeprojects\Mysha\node_modules\next\dist\next-devtools\userspace\app\segment-explorer-node.js#SegmentViewNode" in the React Client Manifest. This is probably a bug in the React Server Components bundler.
    at stringify (<anonymous>)
    at stringify (<anonymous>) {
  digest: '243192985'
}
 ⨯ Error: Could not find the module "C:\Users\joaqu\OneDrive\Documentos\claudeprojects\Mysha\node_modules\next\dist\next-devtools\userspace\app\segment-explorer-node.js#SegmentViewNode" in the React Client Manifest. This is probably a bug in the React Server Components bundler.
    at stringify (<anonymous>)
    at stringify (<anonymous>) {
  digest: '243192985'
}
 ⨯ Error: Could not find the module "C:\Users\joaqu\OneDrive\Documentos\claudeprojects\Mysha\node_modules\next\dist\next-devtools\userspace\app\segment-explorer-node.js#SegmentViewNode" in the React Client Manifest. This is probably a bug in the React Server Components bundler.
    at stringify (<anonymous>)
    at stringify (<anonymous>) {
  digest: '243192985'
}
 ⨯ Error: Could not find the module "C:\Users\joaqu\OneDrive\Documentos\claudeprojects\Mysha\node_modules\next\dist\next-devtools\userspace\app\segment-explorer-node.js#SegmentViewNode" in the React Client Manifest. This is probably a bug in the React Server Components bundler.
    at stringify (<anonymous>) {
  digest: '3112629405'
}
 ⨯ Error: Could not find the module "C:\Users\joaqu\OneDrive\Documentos\claudeprojects\Mysha\node_modules\next\dist\next-devtools\userspace\app\segment-explorer-node.js#SegmentViewNode" in the React Client Manifest. This is probably a bug in the React Server Components bundler.
    at stringify (<anonymous>)
    at stringify (<anonymous>)
    at stringify (<anonymous>) {
  digest: '1126954525'
}
 ⨯ Error: Could not find the module "C:\Users\joaqu\OneDrive\Documentos\claudeprojects\Mysha\node_modules\next\dist\next-devtools\userspace\app\segment-explorer-node.js#SegmentViewNode" in the React Client Manifest. This is probably a bug in the React Server Components bundler.
    at stringify (<anonymous>)
    at stringify (<anonymous>)
    at stringify (<anonymous>) {
  digest: '1126954525'
}
 ⨯ Error: Could not find the module "C:\Users\joaqu\OneDrive\Documentos\claudeprojects\Mysha\node_modules\next\dist\next-devtools\userspace\app\segment-explorer-node.js#SegmentViewNode" in the React Client Manifest. This is probably a bug in the React Server Components bundler.
    at stringify (<anonymous>) {
  digest: '3112629405'
}
 ⨯ Error: Could not find the module "C:\Users\joaqu\OneDrive\Documentos\claudeprojects\Mysha\node_modules\next\dist\next-devtools\userspace\app\segment-explorer-node.js#SegmentViewNode" in the React Client Manifest. This is probably a bug in the React Server Components bundler.
    at stringify (<anonymous>) {
  digest: '3112629405'
}
 ⨯ [TypeError: Cannot read properties of undefined (reading 'call')] {
  digest: '3374976912'
}
 ⨯ Error: Could not find the module "C:\Users\joaqu\OneDrive\Documentos\claudeprojects\Mysha\node_modules\next\dist\next-devtools\userspace\app\segment-explorer-node.js#SegmentViewNode" in the React Client Manifest. This is probably a bug in the React Server Components bundler.
    at stringify (<anonymous>) {
  digest: '3112629405'
}
[TypeError: Cannot read properties of undefined (reading 'call')]
 ⨯ [TypeError: Cannot read properties of undefined (reading 'call')]
 ⨯ [TypeError: Cannot read properties of undefined (reading 'call')] {
  page: '/capitulos/24'
}
Watchpack Error (initial scan): Error: EINVAL: invalid argument, lstat 'C:\DumpStack.log.tmp'
Watchpack Error (initial scan): Error: EINVAL: invalid argument, lstat 'C:\hiberfil.sys'
Watchpack Error (initial scan): Error: EINVAL: invalid argument, lstat 'C:\pagefile.sys'
Watchpack Error (initial scan): Error: EINVAL: invalid argument, lstat 'C:\swapfile.sys'
Watchpack Error (initial scan): Error: EINVAL: invalid argument, lstat 'C:\DumpStack.log.tmp'
Watchpack Error (initial scan): Error: EINVAL: invalid argument, lstat 'C:\hiberfil.sys'
Watchpack Error (initial scan): Error: EINVAL: invalid argument, lstat 'C:\pagefile.sys'
Watchpack Error (initial scan): Error: EINVAL: invalid argument, lstat 'C:\swapfile.sys'
 ⨯ Failed to generate static paths for /capitulos/[num]:
[Error: Cannot find module './vendor-chunks/esprima.js'
Require stack:
- C:\Users\joaqu\OneDrive\Documentos\claudeprojects\Mysha\.next\server\webpack-runtime.js
- C:\Users\joaqu\OneDrive\Documentos\claudeprojects\Mysha\.next\server\app\(atlas)\capitulos\[num]\page.js
- C:\Users\joaqu\OneDrive\Documentos\claudeprojects\Mysha\node_modules\next\dist\server\require.js
- C:\Users\joaqu\OneDrive\Documentos\claudeprojects\Mysha\node_modules\next\dist\server\load-components.js
- C:\Users\joaqu\OneDrive\Documentos\claudeprojects\Mysha\node_modules\next\dist\build\utils.js
- C:\Users\joaqu\OneDrive\Documentos\claudeprojects\Mysha\node_modules\next\dist\server\dev\static-paths-worker.js
- C:\Users\joaqu\OneDrive\Documentos\claudeprojects\Mysha\node_modules\next\dist\compiled\jest-worker\processChild.js] {
  type: 'Error',
  code: 'MODULE_NOT_FOUND',
  requireStack: [Array]
}
 ⨯ [Error: Cannot find module './vendor-chunks/esprima.js'
Require stack:
- C:\Users\joaqu\OneDrive\Documentos\claudeprojects\Mysha\.next\server\webpack-runtime.js
- C:\Users\joaqu\OneDrive\Documentos\claudeprojects\Mysha\.next\server\app\(atlas)\capitulos\[num]\page.js
- C:\Users\joaqu\OneDrive\Documentos\claudeprojects\Mysha\node_modules\next\dist\server\require.js
- C:\Users\joaqu\OneDrive\Documentos\claudeprojects\Mysha\node_modules\next\dist\server\load-components.js
- C:\Users\joaqu\OneDrive\Documentos\claudeprojects\Mysha\node_modules\next\dist\build\utils.js
- C:\Users\joaqu\OneDrive\Documentos\claudeprojects\Mysha\node_modules\next\dist\server\dev\static-paths-worker.js
- C:\Users\joaqu\OneDrive\Documentos\claudeprojects\Mysha\node_modules\next\dist\compiled\jest-worker\processChild.js] {
  type: 'Error',
  code: 'MODULE_NOT_FOUND',
  requireStack: [Array],
  page: '/capitulos/24'
}
 ⨯ [Error: Cannot find module './vendor-chunks/esprima.js'
Require stack:
- C:\Users\joaqu\OneDrive\Documentos\claudeprojects\Mysha\.next\server\webpack-runtime.js
- C:\Users\joaqu\OneDrive\Documentos\claudeprojects\Mysha\.next\server\app\(atlas)\capitulos\[num]\page.js
- C:\Users\joaqu\OneDrive\Documentos\claudeprojects\Mysha\node_modules\next\dist\server\require.js
- C:\Users\joaqu\OneDrive\Documentos\claudeprojects\Mysha\node_modules\next\dist\server\load-components.js
- C:\Users\joaqu\OneDrive\Documentos\claudeprojects\Mysha\node_modules\next\dist\build\utils.js
- C:\Users\joaqu\OneDrive\Documentos\claudeprojects\Mysha\node_modules\next\dist\server\dev\static-paths-worker.js
- C:\Users\joaqu\OneDrive\Documentos\claudeprojects\Mysha\node_modules\next\dist\compiled\jest-worker\processChild.js] {
  type: 'Error',
  code: 'MODULE_NOT_FOUND',
  requireStack: [Array],
  page: '/capitulos/24'
}
 ⨯ [Error: Cannot find module './vendor-chunks/esprima.js'
Require stack:
- C:\Users\joaqu\OneDrive\Documentos\claudeprojects\Mysha\.next\server\webpack-runtime.js
- C:\Users\joaqu\OneDrive\Documentos\claudeprojects\Mysha\.next\server\app\(atlas)\capitulos\[num]\page.js
- C:\Users\joaqu\OneDrive\Documentos\claudeprojects\Mysha\node_modules\next\dist\server\require.js
- C:\Users\joaqu\OneDrive\Documentos\claudeprojects\Mysha\node_modules\next\dist\server\load-components.js
- C:\Users\joaqu\OneDrive\Documentos\claudeprojects\Mysha\node_modules\next\dist\build\utils.js
- C:\Users\joaqu\OneDrive\Documentos\claudeprojects\Mysha\node_modules\next\dist\server\dev\static-paths-worker.js
- C:\Users\joaqu\OneDrive\Documentos\claudeprojects\Mysha\node_modules\next\dist\compiled\jest-worker\processChild.js] {
  type: 'Error',
  code: 'MODULE_NOT_FOUND',
  requireStack: [Array],
  page: '/capitulos/24'
}
 ⨯ [Error: Cannot find module './vendor-chunks/esprima.js'
Require stack:
- C:\Users\joaqu\OneDrive\Documentos\claudeprojects\Mysha\.next\server\webpack-runtime.js
- C:\Users\joaqu\OneDrive\Documentos\claudeprojects\Mysha\.next\server\app\(atlas)\capitulos\[num]\page.js
- C:\Users\joaqu\OneDrive\Documentos\claudeprojects\Mysha\node_modules\next\dist\server\require.js
- C:\Users\joaqu\OneDrive\Documentos\claudeprojects\Mysha\node_modules\next\dist\server\load-components.js
- C:\Users\joaqu\OneDrive\Documentos\claudeprojects\Mysha\node_modules\next\dist\build\utils.js
- C:\Users\joaqu\OneDrive\Documentos\claudeprojects\Mysha\node_modules\next\dist\server\dev\static-paths-worker.js
- C:\Users\joaqu\OneDrive\Documentos\claudeprojects\Mysha\node_modules\next\dist\compiled\jest-worker\processChild.js] {
  type: 'Error',
  code: 'MODULE_NOT_FOUND',
  requireStack: [Array],
  page: '/capitulos/24'
}
 ⨯ [Error: Cannot find module './vendor-chunks/esprima.js'
Require stack:
- C:\Users\joaqu\OneDrive\Documentos\claudeprojects\Mysha\.next\server\webpack-runtime.js
- C:\Users\joaqu\OneDrive\Documentos\claudeprojects\Mysha\.next\server\app\(atlas)\capitulos\[num]\page.js
- C:\Users\joaqu\OneDrive\Documentos\claudeprojects\Mysha\node_modules\next\dist\server\require.js
- C:\Users\joaqu\OneDrive\Documentos\claudeprojects\Mysha\node_modules\next\dist\server\load-components.js
- C:\Users\joaqu\OneDrive\Documentos\claudeprojects\Mysha\node_modules\next\dist\build\utils.js
- C:\Users\joaqu\OneDrive\Documentos\claudeprojects\Mysha\node_modules\next\dist\server\dev\static-paths-worker.js
- C:\Users\joaqu\OneDrive\Documentos\claudeprojects\Mysha\node_modules\next\dist\compiled\jest-worker\processChild.js] {
  type: 'Error',
  code: 'MODULE_NOT_FOUND',
  requireStack: [Array],
  page: '/capitulos/24'
}
 ⨯ [Error: Cannot find module './vendor-chunks/esprima.js'
Require stack:
- C:\Users\joaqu\OneDrive\Documentos\claudeprojects\Mysha\.next\server\webpack-runtime.js
- C:\Users\joaqu\OneDrive\Documentos\claudeprojects\Mysha\.next\server\app\(atlas)\capitulos\[num]\page.js
- C:\Users\joaqu\OneDrive\Documentos\claudeprojects\Mysha\node_modules\next\dist\server\require.js
- C:\Users\joaqu\OneDrive\Documentos\claudeprojects\Mysha\node_modules\next\dist\server\load-components.js
- C:\Users\joaqu\OneDrive\Documentos\claudeprojects\Mysha\node_modules\next\dist\build\utils.js
- C:\Users\joaqu\OneDrive\Documentos\claudeprojects\Mysha\node_modules\next\dist\server\dev\static-paths-worker.js
- C:\Users\joaqu\OneDrive\Documentos\claudeprojects\Mysha\node_modules\next\dist\compiled\jest-worker\processChild.js] {
  type: 'Error',
  code: 'MODULE_NOT_FOUND',
  requireStack: [Array],
  page: '/capitulos/24'
}
 ⨯ [Error: Cannot find module './vendor-chunks/esprima.js'
Require stack:
- C:\Users\joaqu\OneDrive\Documentos\claudeprojects\Mysha\.next\server\webpack-runtime.js
- C:\Users\joaqu\OneDrive\Documentos\claudeprojects\Mysha\.next\server\app\(atlas)\capitulos\[num]\page.js
- C:\Users\joaqu\OneDrive\Documentos\claudeprojects\Mysha\node_modules\next\dist\server\require.js
- C:\Users\joaqu\OneDrive\Documentos\claudeprojects\Mysha\node_modules\next\dist\server\load-components.js
- C:\Users\joaqu\OneDrive\Documentos\claudeprojects\Mysha\node_modules\next\dist\build\utils.js
- C:\Users\joaqu\OneDrive\Documentos\claudeprojects\Mysha\node_modules\next\dist\server\dev\static-paths-worker.js
- C:\Users\joaqu\OneDrive\Documentos\claudeprojects\Mysha\node_modules\next\dist\compiled\jest-worker\processChild.js] {
  type: 'Error',
  code: 'MODULE_NOT_FOUND',
  requireStack: [Array],
  page: '/capitulos/24'
}
 ⨯ [Error: Cannot find module './vendor-chunks/esprima.js'
Require stack:
- C:\Users\joaqu\OneDrive\Documentos\claudeprojects\Mysha\.next\server\webpack-runtime.js
- C:\Users\joaqu\OneDrive\Documentos\claudeprojects\Mysha\.next\server\app\(atlas)\capitulos\[num]\page.js
- C:\Users\joaqu\OneDrive\Documentos\claudeprojects\Mysha\node_modules\next\dist\server\require.js
- C:\Users\joaqu\OneDrive\Documentos\claudeprojects\Mysha\node_modules\next\dist\server\load-components.js
- C:\Users\joaqu\OneDrive\Documentos\claudeprojects\Mysha\node_modules\next\dist\build\utils.js
- C:\Users\joaqu\OneDrive\Documentos\claudeprojects\Mysha\node_modules\next\dist\server\dev\static-paths-worker.js
- C:\Users\joaqu\OneDrive\Documentos\claudeprojects\Mysha\node_modules\next\dist\compiled\jest-worker\processChild.js] {
  type: 'Error',
  code: 'MODULE_NOT_FOUND',
  requireStack: [Array],
  page: '/capitulos/24'
}
 ⚠ Fast Refresh had to perform a full reload due to a runtime error.
 ⨯ [TypeError: Cannot read properties of undefined (reading 'experimental')] {
  page: '/capitulos/24'
}
 ⨯ [TypeError: Cannot read properties of undefined (reading 'experimental')] {
  page: '/capitulos/24'
}
 ⨯ [TypeError: Cannot read properties of undefined (reading 'experimental')] {
  page: '/capitulos/24'
}
 ⨯ [TypeError: Cannot read properties of undefined (reading 'experimental')] {
  page: '/capitulos/24'
}
 ⨯ [TypeError: Cannot read properties of undefined (reading 'experimental')] {
  page: '/capitulos/24'
}
 ⨯ [TypeError: Cannot read properties of undefined (reading 'experimental')] {
  page: '/capitulos/24'
}
 ⨯ [TypeError: Cannot read properties of undefined (reading 'experimental')] {
  page: '/capitulos/24'
}
 ⨯ [TypeError: Cannot read properties of undefined (reading 'experimental')] {
  page: '/capitulos/24'
}
 ⨯ [TypeError: Cannot read properties of undefined (reading 'experimental')] {
  page: '/capitulos/24'
}
 ⨯ [TypeError: Cannot read properties of undefined (reading 'experimental')] {
  page: '/capitulos/24'
}
 ⨯ [TypeError: Cannot read properties of undefined (reading 'experimental')] {
  page: '/capitulos/24'
}
 ⨯ [TypeError: Cannot read properties of undefined (reading 'experimental')] {
  page: '/capitulos/24'
}
 ⨯ [TypeError: Cannot read properties of undefined (reading 'experimental')] {
  page: '/capitulos/24'
}
 ⨯ [TypeError: Cannot read properties of undefined (reading 'experimental')] {
  page: '/capitulos/24'
}
 ⨯ [TypeError: Cannot read properties of undefined (reading 'experimental')] {
  page: '/capitulos/24'
}
 ⨯ [TypeError: Cannot read properties of undefined (reading 'experimental')] {
  page: '/capitulos/24'
}
 ⨯ [TypeError: Cannot read properties of undefined (reading 'experimental')] {
  page: '/capitulos/24'
}
 ⨯ [TypeError: Cannot read properties of undefined (reading 'experimental')] {
  page: '/capitulos/24'
}
 ⨯ [TypeError: Cannot read properties of undefined (reading 'experimental')] {
  page: '/capitulos/24'
}
 ⨯ [TypeError: Cannot read properties of undefined (reading 'experimental')] {
  page: '/capitulos/24'
}
 ⨯ [TypeError: Cannot read properties of undefined (reading 'experimental')] {
  page: '/capitulos/24'
}
 ⨯ [TypeError: Cannot read properties of undefined (reading 'experimental')] {
  page: '/capitulos/24'
}
 ⨯ [TypeError: Cannot read properties of undefined (reading 'experimental')] {
  page: '/capitulos/24'
}
 ⨯ [TypeError: Cannot read properties of undefined (reading 'experimental')] {
  page: '/capitulos/24'
}
 ⨯ [TypeError: Cannot read properties of undefined (reading 'experimental')] {
  page: '/capitulos/24'
}
 ⨯ [TypeError: Cannot read properties of undefined (reading 'experimental')] {
  page: '/capitulos/24'
}
 ⨯ [TypeError: Cannot read properties of undefined (reading 'experimental')] {
  page: '/capitulos/24'
}
 ⨯ [TypeError: Cannot read properties of undefined (reading 'experimental')] {
  page: '/capitulos/24'
}
 ⨯ [TypeError: Cannot read properties of undefined (reading 'experimental')] {
  page: '/capitulos/24'
}
 ⨯ [TypeError: Cannot read properties of undefined (reading 'experimental')] {
  page: '/capitulos/24'
}
 ⨯ [TypeError: Cannot read properties of undefined (reading 'experimental')] {
  page: '/capitulos/24'
}
 ⨯ [TypeError: Cannot read properties of undefined (reading 'experimental')] {
  page: '/capitulos/24'
}
 ⨯ [TypeError: Cannot read properties of undefined (reading 'experimental')] {
  page: '/capitulos/24'
}
 ⨯ [TypeError: Cannot read properties of undefined (reading 'experimental')] {
  page: '/capitulos/24'
}
 ⨯ [TypeError: Cannot read properties of undefined (reading 'experimental')] {
  page: '/capitulos/24'
}
 ⨯ [TypeError: Cannot read properties of undefined (reading 'experimental')] {
  page: '/capitulos/24'
}
 ⨯ [TypeError: Cannot read properties of undefined (reading 'experimental')] {
  page: '/capitulos/24'
}
 ⨯ [TypeError: Cannot read properties of undefined (reading 'experimental')] {
  page: '/capitulos/24'
}
 ⨯ [TypeError: Cannot read properties of undefined (reading 'experimental')] {
  page: '/capitulos/24'
}
 ⨯ [TypeError: Cannot read properties of undefined (reading 'experimental')] {
  page: '/capitulos/24'
}
 ⨯ [TypeError: Cannot read properties of undefined (reading 'experimental')] {
  page: '/capitulos/24'
}
 ⨯ [TypeError: Cannot read properties of undefined (reading 'experimental')] {
  page: '/capitulos/24'
}
 ⨯ [TypeError: Cannot read properties of undefined (reading 'experimental')] {
  page: '/capitulos/24'
}
 ⨯ [TypeError: Cannot read properties of undefined (reading 'experimental')] {
  page: '/capitulos/24'
}
 ⨯ [TypeError: Cannot read properties of undefined (reading 'experimental')] {
  page: '/capitulos/24'
}
 ⨯ [TypeError: Cannot read properties of undefined (reading 'experimental')] {
  page: '/capitulos/24'
}
 ⨯ [TypeError: Cannot read properties of undefined (reading 'experimental')] {
  page: '/capitulos/24'
}
 ⨯ [TypeError: Cannot read properties of undefined (reading 'experimental')] {
  page: '/capitulos/24'
}
 ⨯ [TypeError: Cannot read properties of undefined (reading 'experimental')] {
  page: '/capitulos/24'
}
 ⨯ [TypeError: Cannot read properties of undefined (reading 'experimental')] {
  page: '/capitulos/24'
}
 ⨯ [TypeError: Cannot read properties of undefined (reading 'experimental')] {
  page: '/capitulos/24'
}
 ⨯ [TypeError: Cannot read properties of undefined (reading 'experimental')] {
  page: '/capitulos/24'
}
 ⨯ [TypeError: Cannot read properties of undefined (reading 'experimental')] {
  page: '/capitulos/24'
}
 ⨯ [TypeError: Cannot read properties of undefined (reading 'experimental')] {
  page: '/capitulos/24'
}
 ⨯ [TypeError: Cannot read properties of undefined (reading 'experimental')] {
  page: '/capitulos/24'
}
 ⨯ [TypeError: Cannot read properties of undefined (reading 'experimental')] {
  page: '/capitulos/24'
}
 ⨯ [TypeError: Cannot read properties of undefined (reading 'experimental')] {
  page: '/capitulos/24'
}
 ⨯ [TypeError: Cannot read properties of undefined (reading 'experimental')] {
  page: '/capitulos/24'
}
 ⨯ [TypeError: Cannot read properties of undefined (reading 'experimental')] {
  page: '/capitulos/24'
}
 ⨯ [TypeError: Cannot read properties of undefined (reading 'experimental')] {
  page: '/capitulos/24'
}
 ⨯ [TypeError: Cannot read properties of undefined (reading 'experimental')] {
  page: '/capitulos/24'
}
 ⨯ [TypeError: Cannot read properties of undefined (reading 'experimental')] {
  page: '/capitulos/24'
}
 ⨯ [TypeError: Cannot read properties of undefined (reading 'experimental')] {
  page: '/capitulos/24'
}
 ⨯ [TypeError: Cannot read properties of undefined (reading 'experimental')] {
  page: '/capitulos/24'
}
 ⨯ [TypeError: Cannot read properties of undefined (reading 'experimental')] {
  page: '/capitulos/24'
}
 ⨯ [TypeError: Cannot read properties of undefined (reading 'experimental')] {
  page: '/capitulos/24'
}
 ⨯ [TypeError: Cannot read properties of undefined (reading 'experimental')] {
  page: '/capitulos/24'
}
 ⨯ [TypeError: Cannot read properties of undefined (reading 'experimental')] {
  page: '/capitulos/24'
}
 ⨯ [TypeError: Cannot read properties of undefined (reading 'experimental')] {
  page: '/capitulos/24'
}
 ⨯ [TypeError: Cannot read properties of undefined (reading 'experimental')] {
  page: '/capitulos/24'
}
 ⨯ [TypeError: Cannot read properties of undefined (reading 'experimental')] {
  page: '/capitulos/24'
}
 ⨯ [TypeError: Cannot read properties of undefined (reading 'experimental')] {
  page: '/capitulos/24'
}
 ⨯ [TypeError: Cannot read properties of undefined (reading 'experimental')] {
  page: '/capitulos/24'
}
 ⨯ [TypeError: Cannot read properties of undefined (reading 'experimental')] {
  page: '/capitulos/24'
}
 ⨯ [TypeError: Cannot read properties of undefined (reading 'experimental')] {
  page: '/capitulos/24'
}
 ⨯ [TypeError: Cannot read properties of undefined (reading 'experimental')] {
  page: '/capitulos/24'
}
 ⨯ [TypeError: Cannot read properties of undefined (reading 'experimental')] {
  page: '/capitulos/24'
}
 ⨯ [TypeError: Cannot read properties of undefined (reading 'experimental')] {
  page: '/capitulos/24'
}
 ⨯ [TypeError: Cannot read properties of undefined (reading 'experimental')] {
  page: '/capitulos/24'
}
 ⨯ [TypeError: Cannot read properties of undefined (reading 'experimental')] {
  page: '/capitulos/24'
}
 ⨯ [TypeError: Cannot read properties of undefined (reading 'experimental')] {
  page: '/capitulos/24'
}
 ⨯ [TypeError: Cannot read properties of undefined (reading 'experimental')] {
  page: '/capitulos/24'
}
 ⨯ [TypeError: Cannot read properties of undefined (reading 'experimental')] {
  page: '/capitulos/24'
}
 ⨯ [TypeError: Cannot read properties of undefined (reading 'experimental')] {
  page: '/capitulos/24'
}
 ⨯ [TypeError: Cannot read properties of undefined (reading 'experimental')] {
  page: '/capitulos/24'
}
 ⨯ [TypeError: Cannot read properties of undefined (reading 'experimental')] {
  page: '/capitulos/24'
}
 ⨯ [TypeError: Cannot read properties of undefined (reading 'experimental')] {
  page: '/capitulos/24'
}
 ⨯ [TypeError: Cannot read properties of undefined (reading 'experimental')] {
  page: '/capitulos/24'
}
 ⨯ [TypeError: Cannot read properties of undefined (reading 'experimental')] {
  page: '/capitulos/24'
}
 ⨯ [TypeError: Cannot read properties of undefined (reading 'experimental')] {
  page: '/capitulos/24'
}
 ⨯ [TypeError: Cannot read properties of undefined (reading 'experimental')] {
  page: '/capitulos/24'
}
 ⨯ [TypeError: Cannot read properties of undefined (reading 'experimental')] {
  page: '/capitulos/24'
}
 ⨯ [TypeError: Cannot read properties of undefined (reading 'experimental')] {
  page: '/capitulos/24'
}
 ⨯ [TypeError: Cannot read properties of undefined (reading 'experimental')] {
  page: '/capitulos/24'
}
 ⨯ [TypeError: Cannot read properties of undefined (reading 'experimental')] {
  page: '/capitulos/24'
}
 ⨯ [TypeError: Cannot read properties of undefined (reading 'experimental')] {
  page: '/capitulos/24'
}
 ⨯ [TypeError: Cannot read properties of undefined (reading 'experimental')] {
  page: '/capitulos/24'
}
 ⨯ [TypeError: Cannot read properties of undefined (reading 'experimental')] {
  page: '/capitulos/24'
}
 ⨯ [TypeError: Cannot read properties of undefined (reading 'experimental')] {
  page: '/capitulos/24'
}
 ⨯ [TypeError: Cannot read properties of undefined (reading 'experimental')] {
  page: '/capitulos/24'
}
 ⨯ [TypeError: Cannot read properties of undefined (reading 'experimental')] {
  page: '/capitulos/24'
}
 ⨯ [TypeError: Cannot read properties of undefined (reading 'experimental')] {
  page: '/capitulos/24'
}
 ⨯ [TypeError: Cannot read properties of undefined (reading 'experimental')] {
  page: '/capitulos/24'
}
 ⨯ [TypeError: Cannot read properties of undefined (reading 'experimental')] {
  page: '/capitulos/24'
}
 ⨯ [TypeError: Cannot read properties of undefined (reading 'experimental')] {
  page: '/capitulos/24'
}
 ⨯ [TypeError: Cannot read properties of undefined (reading 'experimental')] {
  page: '/capitulos/24'
}
 ⨯ [TypeError: Cannot read properties of undefined (reading 'experimental')] {
  page: '/capitulos/24'
}
 ⨯ [TypeError: Cannot read properties of undefined (reading 'experimental')] {
  page: '/capitulos/24'
}
 ⨯ [TypeError: Cannot read properties of undefined (reading 'experimental')] {
  page: '/capitulos/24'
}
 ⨯ [TypeError: Cannot read properties of undefined (reading 'experimental')] {
  page: '/capitulos/24'
}
 ⨯ [TypeError: Cannot read properties of undefined (reading 'experimental')] {
  page: '/capitulos/24'
}
 ⨯ [TypeError: Cannot read properties of undefined (reading 'experimental')] {
  page: '/capitulos/24'
}
 ⨯ [TypeError: Cannot read properties of undefined (reading 'experimental')] {
  page: '/capitulos/24'
}
 ⨯ [TypeError: Cannot read properties of undefined (reading 'experimental')] {
  page: '/capitulos/24'
}
 ⨯ [TypeError: Cannot read properties of undefined (reading 'experimental')] {
  page: '/capitulos/24'
}
 ⨯ [TypeError: Cannot read properties of undefined (reading 'experimental')] {
  page: '/capitulos/24'
}
 ⨯ [TypeError: Cannot read properties of undefined (reading 'experimental')] {
  page: '/capitulos/24'
}
 ⨯ [TypeError: Cannot read properties of undefined (reading 'experimental')] {
  page: '/capitulos/24'
}
 ⨯ [TypeError: Cannot read properties of undefined (reading 'experimental')] {
  page: '/capitulos/24'
}
 ⨯ [TypeError: Cannot read properties of undefined (reading 'experimental')] {
  page: '/capitulos/24'
}
 ⨯ [TypeError: Cannot read properties of undefined (reading 'experimental')] {
  page: '/capitulos/24'
}
 ⨯ [TypeError: Cannot read properties of undefined (reading 'experimental')] {
  page: '/capitulos/24'
}
 ⨯ [TypeError: Cannot read properties of undefined (reading 'experimental')] {
  page: '/capitulos/24'
}
 ⨯ [TypeError: Cannot read properties of undefined (reading 'experimental')] {
  page: '/capitulos/24'
}
 ⨯ [TypeError: Cannot read properties of undefined (reading 'experimental')] {
  page: '/capitulos/24'
}
 ⨯ [TypeError: Cannot read properties of undefined (reading 'experimental')] {
  page: '/capitulos/24'
}
 ⨯ [TypeError: Cannot read properties of undefined (reading 'experimental')] {
  page: '/capitulos/24'
}
 ⨯ [TypeError: Cannot read properties of undefined (reading 'experimental')] {
  page: '/capitulos/24'
}
 ⨯ [TypeError: Cannot read properties of undefined (reading 'experimental')] {
  page: '/capitulos/24'
}
 ⨯ [TypeError: Cannot read properties of undefined (reading 'experimental')] {
  page: '/capitulos/24'
}
 ⨯ [TypeError: Cannot read properties of undefined (reading 'experimental')] {
  page: '/capitulos/24'
}
 ⨯ [TypeError: Cannot read properties of undefined (reading 'experimental')] {
  page: '/capitulos/24'
}
 ⨯ [TypeError: Cannot read properties of undefined (reading 'experimental')] {
  page: '/capitulos/24'
}
 ⨯ [TypeError: Cannot read properties of undefined (reading 'experimental')] {
  page: '/capitulos/24'
}
 ⨯ [TypeError: Cannot read properties of undefined (reading 'experimental')] {
  page: '/capitulos/24'
}
 ⨯ [TypeError: Cannot read properties of undefined (reading 'experimental')] {
  page: '/capitulos/24'
}
 ⨯ [TypeError: Cannot read properties of undefined (reading 'experimental')] {
  page: '/capitulos/24'
}
 ⨯ [TypeError: Cannot read properties of undefined (reading 'experimental')] {
  page: '/capitulos/24'
}
 ⨯ [TypeError: Cannot read properties of undefined (reading 'experimental')] {
  page: '/capitulos/24'
}
 ⨯ [TypeError: Cannot read properties of undefined (reading 'experimental')] {
  page: '/capitulos/24'
}
 ⨯ [TypeError: Cannot read properties of undefined (reading 'experimental')] {
  page: '/capitulos/24'
}
 ⨯ [TypeError: Cannot read properties of undefined (reading 'experimental')] {
  page: '/capitulos/24'
}
 ⨯ [TypeError: Cannot read properties of undefined (reading 'experimental')] {
  page: '/capitulos/24'
}
 ⨯ [TypeError: Cannot read properties of undefined (reading 'experimental')] {
  page: '/capitulos/24'
}
 ⨯ [TypeError: Cannot read properties of undefined (reading 'experimental')] {
  page: '/capitulos/24'
}
 ⨯ [TypeError: Cannot read properties of undefined (reading 'experimental')] {
  page: '/capitulos/24'
}
 ⨯ [TypeError: Cannot read properties of undefined (reading 'experimental')] {
  page: '/capitulos/24'
}
 ⨯ Error: Could not find the module "C:\Users\joaqu\OneDrive\Documentos\claudeprojects\Mysha\node_modules\next\dist\next-devtools\userspace\app\segment-explorer-node.js#SegmentViewNode" in the React Client Manifest. This is probably a bug in the React Server Components bundler.
    at stringify (<anonymous>) {
  digest: '3112629405'
}
 ⨯ Error: Could not find the module "C:\Users\joaqu\OneDrive\Documentos\claudeprojects\Mysha\node_modules\next\dist\next-devtools\userspace\app\segment-explorer-node.js#SegmentViewNode" in the React Client Manifest. This is probably a bug in the React Server Components bundler.
    at stringify (<anonymous>)
    at stringify (<anonymous>) {
  digest: '243192985'
}
 ⨯ Error: Could not find the module "C:\Users\joaqu\OneDrive\Documentos\claudeprojects\Mysha\node_modules\next\dist\next-devtools\userspace\app\segment-explorer-node.js#SegmentViewNode" in the React Client Manifest. This is probably a bug in the React Server Components bundler.
    at stringify (<anonymous>)
    at stringify (<anonymous>) {
  digest: '243192985'
}
 ⨯ Error: Could not find the module "C:\Users\joaqu\OneDrive\Documentos\claudeprojects\Mysha\node_modules\next\dist\next-devtools\userspace\app\segment-explorer-node.js#SegmentViewNode" in the React Client Manifest. This is probably a bug in the React Server Components bundler.
    at stringify (<anonymous>)
    at stringify (<anonymous>) {
  digest: '243192985'
}
 ⨯ Error: Could not find the module "C:\Users\joaqu\OneDrive\Documentos\claudeprojects\Mysha\node_modules\next\dist\next-devtools\userspace\app\segment-explorer-node.js#SegmentViewNode" in the React Client Manifest. This is probably a bug in the React Server Components bundler.
    at stringify (<anonymous>) {
  digest: '3112629405'
}
 ⨯ Error: Could not find the module "C:\Users\joaqu\OneDrive\Documentos\claudeprojects\Mysha\node_modules\next\dist\next-devtools\userspace\app\segment-explorer-node.js#SegmentViewNode" in the React Client Manifest. This is probably a bug in the React Server Components bundler.
    at stringify (<anonymous>)
    at stringify (<anonymous>)
    at stringify (<anonymous>) {
  digest: '1126954525'
}
 ⨯ Error: Could not find the module "C:\Users\joaqu\OneDrive\Documentos\claudeprojects\Mysha\node_modules\next\dist\next-devtools\userspace\app\segment-explorer-node.js#SegmentViewNode" in the React Client Manifest. This is probably a bug in the React Server Components bundler.
    at stringify (<anonymous>)
    at stringify (<anonymous>)
    at stringify (<anonymous>) {
  digest: '1126954525'
}
 ⨯ Error: Could not find the module "C:\Users\joaqu\OneDrive\Documentos\claudeprojects\Mysha\node_modules\next\dist\next-devtools\userspace\app\segment-explorer-node.js#SegmentViewNode" in the React Client Manifest. This is probably a bug in the React Server Components bundler.
    at stringify (<anonymous>) {
  digest: '3112629405'
}
 ⨯ Error: Could not find the module "C:\Users\joaqu\OneDrive\Documentos\claudeprojects\Mysha\node_modules\next\dist\next-devtools\userspace\app\segment-explorer-node.js#SegmentViewNode" in the React Client Manifest. This is probably a bug in the React Server Components bundler.
    at stringify (<anonymous>) {
  digest: '3112629405'
}
 ⨯ [TypeError: Cannot read properties of undefined (reading 'call')] {
  digest: '3374976912'
}
 ⨯ Error: Could not find the module "C:\Users\joaqu\OneDrive\Documentos\claudeprojects\Mysha\node_modules\next\dist\next-devtools\userspace\app\segment-explorer-node.js#SegmentViewNode" in the React Client Manifest. This is probably a bug in the React Server Components bundler.
    at stringify (<anonymous>) {
  digest: '3112629405'
}
[TypeError: Cannot read properties of undefined (reading 'call')]
 ⨯ [TypeError: Cannot read properties of undefined (reading 'call')]
 ⨯ [TypeError: Cannot read properties of undefined (reading 'call')] {
  page: '/capitulos/24'
}
 ⨯ Failed to generate static paths for /capitulos/[num]:
[Error: Cannot find module './vendor-chunks/next.js'
Require stack:
- C:\Users\joaqu\OneDrive\Documentos\claudeprojects\Mysha\.next\server\webpack-runtime.js
- C:\Users\joaqu\OneDrive\Documentos\claudeprojects\Mysha\.next\server\app\(atlas)\capitulos\[num]\page.js
- C:\Users\joaqu\OneDrive\Documentos\claudeprojects\Mysha\node_modules\next\dist\server\require.js
- C:\Users\joaqu\OneDrive\Documentos\claudeprojects\Mysha\node_modules\next\dist\server\load-components.js
- C:\Users\joaqu\OneDrive\Documentos\claudeprojects\Mysha\node_modules\next\dist\build\utils.js
- C:\Users\joaqu\OneDrive\Documentos\claudeprojects\Mysha\node_modules\next\dist\server\dev\static-paths-worker.js
- C:\Users\joaqu\OneDrive\Documentos\claudeprojects\Mysha\node_modules\next\dist\compiled\jest-worker\processChild.js] {
  type: 'Error',
  code: 'MODULE_NOT_FOUND',
  requireStack: [Array]
}
 ⨯ Error: Cannot find module './611.js'
Require stack:
- C:\Users\joaqu\OneDrive\Documentos\claudeprojects\Mysha\.next\server\webpack-runtime.js
- C:\Users\joaqu\OneDrive\Documentos\claudeprojects\Mysha\.next\server\app\(atlas)\capitulos\[num]\page.js
- C:\Users\joaqu\OneDrive\Documentos\claudeprojects\Mysha\node_modules\next\dist\server\require.js
- C:\Users\joaqu\OneDrive\Documentos\claudeprojects\Mysha\node_modules\next\dist\server\load-components.js
- C:\Users\joaqu\OneDrive\Documentos\claudeprojects\Mysha\node_modules\next\dist\build\utils.js
- C:\Users\joaqu\OneDrive\Documentos\claudeprojects\Mysha\node_modules\next\dist\build\swc\options.js
- C:\Users\joaqu\OneDrive\Documentos\claudeprojects\Mysha\node_modules\next\dist\build\swc\index.js
- C:\Users\joaqu\OneDrive\Documentos\claudeprojects\Mysha\node_modules\next\dist\build\next-config-ts\transpile-config.js
- C:\Users\joaqu\OneDrive\Documentos\claudeprojects\Mysha\node_modules\next\dist\server\config.js
- C:\Users\joaqu\OneDrive\Documentos\claudeprojects\Mysha\node_modules\next\dist\server\next.js
- C:\Users\joaqu\OneDrive\Documentos\claudeprojects\Mysha\node_modules\next\dist\server\lib\start-server.js
    at <unknown> (C:\Users\joaqu\OneDrive\Documentos\claudeprojects\Mysha\.next\server\pages\_document.js:1:325)
    at Object.<anonymous> (C:\Users\joaqu\OneDrive\Documentos\claudeprojects\Mysha\.next\server\pages\_document.js:1:371) {
  code: 'MODULE_NOT_FOUND',
  requireStack: [Array]
}
Watchpack Error (initial scan): Error: EINVAL: invalid argument, lstat 'C:\DumpStack.log.tmp'
Watchpack Error (initial scan): Error: EINVAL: invalid argument, lstat 'C:\pagefile.sys'
Watchpack Error (initial scan): Error: EINVAL: invalid argument, lstat 'C:\swapfile.sys'
Watchpack Error (initial scan): Error: EINVAL: invalid argument, lstat 'C:\hiberfil.sys'
 ⨯ [Error: Cannot find module './vendor-chunks/next.js'
Require stack:
- C:\Users\joaqu\OneDrive\Documentos\claudeprojects\Mysha\.next\server\webpack-runtime.js
- C:\Users\joaqu\OneDrive\Documentos\claudeprojects\Mysha\.next\server\app\(atlas)\capitulos\[num]\page.js
- C:\Users\joaqu\OneDrive\Documentos\claudeprojects\Mysha\node_modules\next\dist\server\require.js
- C:\Users\joaqu\OneDrive\Documentos\claudeprojects\Mysha\node_modules\next\dist\server\load-components.js
- C:\Users\joaqu\OneDrive\Documentos\claudeprojects\Mysha\node_modules\next\dist\build\utils.js
- C:\Users\joaqu\OneDrive\Documentos\claudeprojects\Mysha\node_modules\next\dist\server\dev\static-paths-worker.js
- C:\Users\joaqu\OneDrive\Documentos\claudeprojects\Mysha\node_modules\next\dist\compiled\jest-worker\processChild.js] {
  type: 'Error',
  code: 'MODULE_NOT_FOUND',
  requireStack: [Array],
  page: '/capitulos/24'
}
 ⨯ Error: Cannot find module './611.js'
Require stack:
- C:\Users\joaqu\OneDrive\Documentos\claudeprojects\Mysha\.next\server\webpack-runtime.js
- C:\Users\joaqu\OneDrive\Documentos\claudeprojects\Mysha\.next\server\app\(atlas)\capitulos\[num]\page.js
- C:\Users\joaqu\OneDrive\Documentos\claudeprojects\Mysha\node_modules\next\dist\server\require.js
- C:\Users\joaqu\OneDrive\Documentos\claudeprojects\Mysha\node_modules\next\dist\server\load-components.js
- C:\Users\joaqu\OneDrive\Documentos\claudeprojects\Mysha\node_modules\next\dist\build\utils.js
- C:\Users\joaqu\OneDrive\Documentos\claudeprojects\Mysha\node_modules\next\dist\build\swc\options.js
- C:\Users\joaqu\OneDrive\Documentos\claudeprojects\Mysha\node_modules\next\dist\build\swc\index.js
- C:\Users\joaqu\OneDrive\Documentos\claudeprojects\Mysha\node_modules\next\dist\build\next-config-ts\transpile-config.js
- C:\Users\joaqu\OneDrive\Documentos\claudeprojects\Mysha\node_modules\next\dist\server\config.js
- C:\Users\joaqu\OneDrive\Documentos\claudeprojects\Mysha\node_modules\next\dist\server\next.js
- C:\Users\joaqu\OneDrive\Documentos\claudeprojects\Mysha\node_modules\next\dist\server\lib\start-server.js
    at <unknown> (C:\Users\joaqu\OneDrive\Documentos\claudeprojects\Mysha\.next\server\pages\_document.js:1:325)
    at Object.<anonymous> (C:\Users\joaqu\OneDrive\Documentos\claudeprojects\Mysha\.next\server\pages\_document.js:1:371) {
  code: 'MODULE_NOT_FOUND',
  requireStack: [Array]
}
 ⨯ [Error: Cannot find module './vendor-chunks/next.js'
Require stack:
- C:\Users\joaqu\OneDrive\Documentos\claudeprojects\Mysha\.next\server\webpack-runtime.js
- C:\Users\joaqu\OneDrive\Documentos\claudeprojects\Mysha\.next\server\app\(atlas)\capitulos\[num]\page.js
- C:\Users\joaqu\OneDrive\Documentos\claudeprojects\Mysha\node_modules\next\dist\server\require.js
- C:\Users\joaqu\OneDrive\Documentos\claudeprojects\Mysha\node_modules\next\dist\server\load-components.js
- C:\Users\joaqu\OneDrive\Documentos\claudeprojects\Mysha\node_modules\next\dist\build\utils.js
- C:\Users\joaqu\OneDrive\Documentos\claudeprojects\Mysha\node_modules\next\dist\server\dev\static-paths-worker.js
- C:\Users\joaqu\OneDrive\Documentos\claudeprojects\Mysha\node_modules\next\dist\compiled\jest-worker\processChild.js] {
  type: 'Error',
  code: 'MODULE_NOT_FOUND',
  requireStack: [Array],
  page: '/capitulos/24'
}
 ⨯ Error: Cannot find module './611.js'
Require stack:
- C:\Users\joaqu\OneDrive\Documentos\claudeprojects\Mysha\.next\server\webpack-runtime.js
- C:\Users\joaqu\OneDrive\Documentos\claudeprojects\Mysha\.next\server\app\(atlas)\capitulos\[num]\page.js
- C:\Users\joaqu\OneDrive\Documentos\claudeprojects\Mysha\node_modules\next\dist\server\require.js
- C:\Users\joaqu\OneDrive\Documentos\claudeprojects\Mysha\node_modules\next\dist\server\load-components.js
- C:\Users\joaqu\OneDrive\Documentos\claudeprojects\Mysha\node_modules\next\dist\build\utils.js
- C:\Users\joaqu\OneDrive\Documentos\claudeprojects\Mysha\node_modules\next\dist\build\swc\options.js
- C:\Users\joaqu\OneDrive\Documentos\claudeprojects\Mysha\node_modules\next\dist\build\swc\index.js
- C:\Users\joaqu\OneDrive\Documentos\claudeprojects\Mysha\node_modules\next\dist\build\next-config-ts\transpile-config.js
- C:\Users\joaqu\OneDrive\Documentos\claudeprojects\Mysha\node_modules\next\dist\server\config.js
- C:\Users\joaqu\OneDrive\Documentos\claudeprojects\Mysha\node_modules\next\dist\server\next.js
- C:\Users\joaqu\OneDrive\Documentos\claudeprojects\Mysha\node_modules\next\dist\server\lib\start-server.js
    at <unknown> (C:\Users\joaqu\OneDrive\Documentos\claudeprojects\Mysha\.next\server\pages\_document.js:1:325)
    at Object.<anonymous> (C:\Users\joaqu\OneDrive\Documentos\claudeprojects\Mysha\.next\server\pages\_document.js:1:371) {
  code: 'MODULE_NOT_FOUND',
  requireStack: [Array]
}
 ⨯ [Error: Cannot find module './vendor-chunks/next.js'
Require stack:
- C:\Users\joaqu\OneDrive\Documentos\claudeprojects\Mysha\.next\server\webpack-runtime.js
- C:\Users\joaqu\OneDrive\Documentos\claudeprojects\Mysha\.next\server\app\(atlas)\capitulos\[num]\page.js
- C:\Users\joaqu\OneDrive\Documentos\claudeprojects\Mysha\node_modules\next\dist\server\require.js
- C:\Users\joaqu\OneDrive\Documentos\claudeprojects\Mysha\node_modules\next\dist\server\load-components.js
- C:\Users\joaqu\OneDrive\Documentos\claudeprojects\Mysha\node_modules\next\dist\build\utils.js
- C:\Users\joaqu\OneDrive\Documentos\claudeprojects\Mysha\node_modules\next\dist\server\dev\static-paths-worker.js
- C:\Users\joaqu\OneDrive\Documentos\claudeprojects\Mysha\node_modules\next\dist\compiled\jest-worker\processChild.js] {
  type: 'Error',
  code: 'MODULE_NOT_FOUND',
  requireStack: [Array],
  page: '/capitulos/24'
}
 ⨯ Error: Cannot find module './611.js'
Require stack:
- C:\Users\joaqu\OneDrive\Documentos\claudeprojects\Mysha\.next\server\webpack-runtime.js
- C:\Users\joaqu\OneDrive\Documentos\claudeprojects\Mysha\.next\server\app\(atlas)\capitulos\[num]\page.js
- C:\Users\joaqu\OneDrive\Documentos\claudeprojects\Mysha\node_modules\next\dist\server\require.js
- C:\Users\joaqu\OneDrive\Documentos\claudeprojects\Mysha\node_modules\next\dist\server\load-components.js
- C:\Users\joaqu\OneDrive\Documentos\claudeprojects\Mysha\node_modules\next\dist\build\utils.js
- C:\Users\joaqu\OneDrive\Documentos\claudeprojects\Mysha\node_modules\next\dist\build\swc\options.js
- C:\Users\joaqu\OneDrive\Documentos\claudeprojects\Mysha\node_modules\next\dist\build\swc\index.js
- C:\Users\joaqu\OneDrive\Documentos\claudeprojects\Mysha\node_modules\next\dist\build\next-config-ts\transpile-config.js
- C:\Users\joaqu\OneDrive\Documentos\claudeprojects\Mysha\node_modules\next\dist\server\config.js
- C:\Users\joaqu\OneDrive\Documentos\claudeprojects\Mysha\node_modules\next\dist\server\next.js
- C:\Users\joaqu\OneDrive\Documentos\claudeprojects\Mysha\node_modules\next\dist\server\lib\start-server.js
    at <unknown> (C:\Users\joaqu\OneDrive\Documentos\claudeprojects\Mysha\.next\server\pages\_document.js:1:325)
    at Object.<anonymous> (C:\Users\joaqu\OneDrive\Documentos\claudeprojects\Mysha\.next\server\pages\_document.js:1:371) {
  code: 'MODULE_NOT_FOUND',
  requireStack: [Array]
}
 ⚠ Fast Refresh had to perform a full reload due to a runtime error.
 ⨯ [Error: Cannot find module './vendor-chunks/next.js'
Require stack:
- C:\Users\joaqu\OneDrive\Documentos\claudeprojects\Mysha\.next\server\webpack-runtime.js
- C:\Users\joaqu\OneDrive\Documentos\claudeprojects\Mysha\.next\server\app\(atlas)\capitulos\[num]\page.js
- C:\Users\joaqu\OneDrive\Documentos\claudeprojects\Mysha\node_modules\next\dist\server\require.js
- C:\Users\joaqu\OneDrive\Documentos\claudeprojects\Mysha\node_modules\next\dist\server\load-components.js
- C:\Users\joaqu\OneDrive\Documentos\claudeprojects\Mysha\node_modules\next\dist\build\utils.js
- C:\Users\joaqu\OneDrive\Documentos\claudeprojects\Mysha\node_modules\next\dist\server\dev\static-paths-worker.js
- C:\Users\joaqu\OneDrive\Documentos\claudeprojects\Mysha\node_modules\next\dist\compiled\jest-worker\processChild.js] {
  type: 'Error',
  code: 'MODULE_NOT_FOUND',
  requireStack: [Array],
  page: '/capitulos/24'
}
 ⨯ [Error: Cannot find module './vendor-chunks/next.js'
Require stack:
- C:\Users\joaqu\OneDrive\Documentos\claudeprojects\Mysha\.next\server\webpack-runtime.js
- C:\Users\joaqu\OneDrive\Documentos\claudeprojects\Mysha\.next\server\app\(atlas)\capitulos\[num]\page.js
- C:\Users\joaqu\OneDrive\Documentos\claudeprojects\Mysha\node_modules\next\dist\server\require.js
- C:\Users\joaqu\OneDrive\Documentos\claudeprojects\Mysha\node_modules\next\dist\server\load-components.js
- C:\Users\joaqu\OneDrive\Documentos\claudeprojects\Mysha\node_modules\next\dist\build\utils.js
- C:\Users\joaqu\OneDrive\Documentos\claudeprojects\Mysha\node_modules\next\dist\server\dev\static-paths-worker.js
- C:\Users\joaqu\OneDrive\Documentos\claudeprojects\Mysha\node_modules\next\dist\compiled\jest-worker\processChild.js] {
  type: 'Error',
  code: 'MODULE_NOT_FOUND',
  requireStack: [Array],
  page: '/capitulos/24'
}
 ⨯ Error: Cannot find module './611.js'
Require stack:
- C:\Users\joaqu\OneDrive\Documentos\claudeprojects\Mysha\.next\server\webpack-runtime.js
- C:\Users\joaqu\OneDrive\Documentos\claudeprojects\Mysha\.next\server\app\(atlas)\capitulos\[num]\page.js
- C:\Users\joaqu\OneDrive\Documentos\claudeprojects\Mysha\node_modules\next\dist\server\require.js
- C:\Users\joaqu\OneDrive\Documentos\claudeprojects\Mysha\node_modules\next\dist\server\load-components.js
- C:\Users\joaqu\OneDrive\Documentos\claudeprojects\Mysha\node_modules\next\dist\build\utils.js
- C:\Users\joaqu\OneDrive\Documentos\claudeprojects\Mysha\node_modules\next\dist\build\swc\options.js
- C:\Users\joaqu\OneDrive\Documentos\claudeprojects\Mysha\node_modules\next\dist\build\swc\index.js
- C:\Users\joaqu\OneDrive\Documentos\claudeprojects\Mysha\node_modules\next\dist\build\next-config-ts\transpile-config.js
- C:\Users\joaqu\OneDrive\Documentos\claudeprojects\Mysha\node_modules\next\dist\server\config.js
- C:\Users\joaqu\OneDrive\Documentos\claudeprojects\Mysha\node_modules\next\dist\server\next.js
- C:\Users\joaqu\OneDrive\Documentos\claudeprojects\Mysha\node_modules\next\dist\server\lib\start-server.js
    at <unknown> (C:\Users\joaqu\OneDrive\Documentos\claudeprojects\Mysha\.next\server\pages\_document.js:1:325)
    at Object.<anonymous> (C:\Users\joaqu\OneDrive\Documentos\claudeprojects\Mysha\.next\server\pages\_document.js:1:371) {
  code: 'MODULE_NOT_FOUND',
  requireStack: [Array]
}
 ⨯ Error: Cannot find module './611.js'
Require stack:
- C:\Users\joaqu\OneDrive\Documentos\claudeprojects\Mysha\.next\server\webpack-runtime.js
- C:\Users\joaqu\OneDrive\Documentos\claudeprojects\Mysha\.next\server\app\(atlas)\capitulos\[num]\page.js
- C:\Users\joaqu\OneDrive\Documentos\claudeprojects\Mysha\node_modules\next\dist\server\require.js
- C:\Users\joaqu\OneDrive\Documentos\claudeprojects\Mysha\node_modules\next\dist\server\load-components.js
- C:\Users\joaqu\OneDrive\Documentos\claudeprojects\Mysha\node_modules\next\dist\build\utils.js
- C:\Users\joaqu\OneDrive\Documentos\claudeprojects\Mysha\node_modules\next\dist\build\swc\options.js
- C:\Users\joaqu\OneDrive\Documentos\claudeprojects\Mysha\node_modules\next\dist\build\swc\index.js
- C:\Users\joaqu\OneDrive\Documentos\claudeprojects\Mysha\node_modules\next\dist\build\next-config-ts\transpile-config.js
- C:\Users\joaqu\OneDrive\Documentos\claudeprojects\Mysha\node_modules\next\dist\server\config.js
- C:\Users\joaqu\OneDrive\Documentos\claudeprojects\Mysha\node_modules\next\dist\server\next.js
- C:\Users\joaqu\OneDrive\Documentos\claudeprojects\Mysha\node_modules\next\dist\server\lib\start-server.js
    at <unknown> (C:\Users\joaqu\OneDrive\Documentos\claudeprojects\Mysha\.next\server\pages\_document.js:1:325)
    at Object.<anonymous> (C:\Users\joaqu\OneDrive\Documentos\claudeprojects\Mysha\.next\server\pages\_document.js:1:371) {
  code: 'MODULE_NOT_FOUND',
  requireStack: [Array]
}
<w> [webpack.cache.PackFileCacheStrategy] Caching failed for pack: Error: ENOENT: no such file or directory, rename 'C:\Users\joaqu\OneDrive\Documentos\claudeprojects\Mysha\.next\cache\webpack\server-development\23.pack.gz_' -> 'C:\Users\joaqu\OneDrive\Documentos\claudeprojects\Mysha\.next\cache\webpack\server-development\23.pack.gz'
Watchpack Error (stats): Error: EINVAL: invalid argument, lstat 'C:\pagefile.sys'
Watchpack Error (stats): Error: EINVAL: invalid argument, lstat 'C:\pagefile.sys'
Watchpack Error (stats): Error: EINVAL: invalid argument, lstat 'C:\pagefile.sys'
Watchpack Error (stats): Error: EINVAL: invalid argument, lstat 'C:\pagefile.sys'
Watchpack Error (stats): Error: EINVAL: invalid argument, lstat 'C:\pagefile.sys'
Watchpack Error (stats): Error: EINVAL: invalid argument, lstat 'C:\pagefile.sys'
Watchpack Error (stats): Error: EINVAL: invalid argument, lstat 'C:\pagefile.sys'
Watchpack Error (stats): Error: EINVAL: invalid argument, lstat 'C:\pagefile.sys'
Watchpack Error (stats): Error: EINVAL: invalid argument, lstat 'C:\pagefile.sys'
Watchpack Error (stats): Error: EINVAL: invalid argument, lstat 'C:\pagefile.sys'
Watchpack Error (stats): Error: EINVAL: invalid argument, lstat 'C:\pagefile.sys'
Watchpack Error (stats): Error: EINVAL: invalid argument, lstat 'C:\pagefile.sys'
Watchpack Error (stats): Error: EINVAL: invalid argument, lstat 'C:\pagefile.sys'
Watchpack Error (stats): Error: EINVAL: invalid argument, lstat 'C:\pagefile.sys'
Watchpack Error (stats): Error: EINVAL: invalid argument, lstat 'C:\pagefile.sys'
<w> [webpack.cache.PackFileCacheStrategy] Caching failed for pack: Error: ENOENT: no such file or directory, rename 'C:\Users\joaqu\OneDrive\Documentos\claudeprojects\Mysha\.next\cache\webpack\server-development\3.pack.gz_' -> 'C:\Users\joaqu\OneDrive\Documentos\claudeprojects\Mysha\.next\cache\webpack\server-development\3.pack.gz'
<w> [webpack.cache.PackFileCacheStrategy] Caching failed for pack: Error: ENOENT: no such file or directory, rename 'C:\Users\joaqu\OneDrive\Documentos\claudeprojects\Mysha\.next\cache\webpack\client-development\4.pack.gz_' -> 'C:\Users\joaqu\OneDrive\Documentos\claudeprojects\Mysha\.next\cache\webpack\client-development\4.pack.gz'
Watchpack Error (stats): Error: EINVAL: invalid argument, lstat 'C:\pagefile.sys'
Watchpack Error (stats): Error: EINVAL: invalid argument, lstat 'C:\pagefile.sys'
Watchpack Error (stats): Error: EINVAL: invalid argument, lstat 'C:\pagefile.sys'
Watchpack Error (stats): Error: EINVAL: invalid argument, lstat 'C:\pagefile.sys'
Watchpack Error (stats): Error: EINVAL: invalid argument, lstat 'C:\pagefile.sys'
Watchpack Error (stats): Error: EINVAL: invalid argument, lstat 'C:\pagefile.sys'
Watchpack Error (stats): Error: EINVAL: invalid argument, lstat 'C:\pagefile.sys'
Watchpack Error (stats): Error: EINVAL: invalid argument, lstat 'C:\pagefile.sys'
Watchpack Error (stats): Error: EINVAL: invalid argument, lstat 'C:\pagefile.sys'
Watchpack Error (stats): Error: EINVAL: invalid argument, lstat 'C:\pagefile.sys'
Watchpack Error (stats): Error: EINVAL: invalid argument, lstat 'C:\pagefile.sys'
Watchpack Error (stats): Error: EINVAL: invalid argument, lstat 'C:\pagefile.sys'
Watchpack Error (stats): Error: EINVAL: invalid argument, lstat 'C:\pagefile.sys'
Watchpack Error (stats): Error: EINVAL: invalid argument, lstat 'C:\pagefile.sys'
Watchpack Error (stats): Error: EINVAL: invalid argument, lstat 'C:\pagefile.sys'
Watchpack Error (stats): Error: EINVAL: invalid argument, lstat 'C:\pagefile.sys'
Watchpack Error (stats): Error: EINVAL: invalid argument, lstat 'C:\pagefile.sys'
Watchpack Error (stats): Error: EINVAL: invalid argument, lstat 'C:\pagefile.sys'
<w> [webpack.cache.PackFileCacheStrategy] Caching failed for pack: Error: ENOENT: no such file or directory, rename 'C:\Users\joaqu\OneDrive\Documentos\claudeprojects\Mysha\.next\cache\webpack\server-development\1.pack.gz_' -> 'C:\Users\joaqu\OneDrive\Documentos\claudeprojects\Mysha\.next\cache\webpack\server-development\1.pack.gz'
<w> [webpack.cache.PackFileCacheStrategy] Caching failed for pack: Error: ENOENT: no such file or directory, rename 'C:\Users\joaqu\OneDrive\Documentos\claudeprojects\Mysha\.next\cache\webpack\server-development\4.pack.gz_' -> 'C:\Users\joaqu\OneDrive\Documentos\claudeprojects\Mysha\.next\cache\webpack\server-development\4.pack.gz'
<w> [webpack.cache.PackFileCacheStrategy] Caching failed for pack: Error: ENOENT: no such file or directory, rename 'C:\Users\joaqu\OneDrive\Documentos\claudeprojects\Mysha\.next\cache\webpack\client-development\3.pack.gz_' -> 'C:\Users\joaqu\OneDrive\Documentos\claudeprojects\Mysha\.next\cache\webpack\client-development\3.pack.gz'
<w> [webpack.cache.PackFileCacheStrategy] Caching failed for pack: Error: ENOENT: no such file or directory, rename 'C:\Users\joaqu\OneDrive\Documentos\claudeprojects\Mysha\.next\cache\webpack\server-development\0.pack.gz_' -> 'C:\Users\joaqu\OneDrive\Documentos\claudeprojects\Mysha\.next\cache\webpack\server-development\0.pack.gz'
<w> [webpack.cache.PackFileCacheStrategy] Caching failed for pack: Error: ENOENT: no such file or directory, rename 'C:\Users\joaqu\OneDrive\Documentos\claudeprojects\Mysha\.next\cache\webpack\client-development\10.pack.gz_' -> 'C:\Users\joaqu\OneDrive\Documentos\claudeprojects\Mysha\.next\cache\webpack\client-development\10.pack.gz'
<w> [webpack.cache.PackFileCacheStrategy] Caching failed for pack: Error: EPERM: operation not permitted, rename 'C:\Users\joaqu\OneDrive\Documentos\claudeprojects\Mysha\.next\cache\webpack\server-development\1.pack.gz_' -> 'C:\Users\joaqu\OneDrive\Documentos\claudeprojects\Mysha\.next\cache\webpack\server-development\1.pack.gz'
Watchpack Error (stats): Error: EINVAL: invalid argument, lstat 'C:\pagefile.sys'
Watchpack Error (stats): Error: EINVAL: invalid argument, lstat 'C:\pagefile.sys'
Watchpack Error (stats): Error: EINVAL: invalid argument, lstat 'C:\pagefile.sys'
Watchpack Error (stats): Error: EINVAL: invalid argument, lstat 'C:\pagefile.sys'
Watchpack Error (stats): Error: EINVAL: invalid argument, lstat 'C:\pagefile.sys'
Watchpack Error (stats): Error: EINVAL: invalid argument, lstat 'C:\pagefile.sys'
Watchpack Error (stats): Error: EINVAL: invalid argument, lstat 'C:\pagefile.sys'
Watchpack Error (stats): Error: EINVAL: invalid argument, lstat 'C:\pagefile.sys'
Watchpack Error (stats): Error: EINVAL: invalid argument, lstat 'C:\pagefile.sys'
Watchpack Error (stats): Error: EINVAL: invalid argument, lstat 'C:\pagefile.sys'
Watchpack Error (stats): Error: EINVAL: invalid argument, lstat 'C:\pagefile.sys'
Watchpack Error (stats): Error: EINVAL: invalid argument, lstat 'C:\pagefile.sys'
Watchpack Error (stats): Error: EINVAL: invalid argument, lstat 'C:\pagefile.sys'
Watchpack Error (stats): Error: EINVAL: invalid argument, lstat 'C:\pagefile.sys'
Watchpack Error (stats): Error: EINVAL: invalid argument, lstat 'C:\pagefile.sys'
Watchpack Error (stats): Error: EINVAL: invalid argument, lstat 'C:\pagefile.sys'
Watchpack Error (stats): Error: EINVAL: invalid argument, lstat 'C:\pagefile.sys'
Watchpack Error (stats): Error: EINVAL: invalid argument, lstat 'C:\pagefile.sys'
Watchpack Error (stats): Error: EINVAL: invalid argument, lstat 'C:\pagefile.sys'
Watchpack Error (stats): Error: EINVAL: invalid argument, lstat 'C:\pagefile.sys'
Watchpack Error (stats): Error: EINVAL: invalid argument, lstat 'C:\pagefile.sys'
Watchpack Error (stats): Error: EINVAL: invalid argument, lstat 'C:\pagefile.sys'
Watchpack Error (stats): Error: EINVAL: invalid argument, lstat 'C:\pagefile.sys'
Watchpack Error (stats): Error: EINVAL: invalid argument, lstat 'C:\pagefile.sys'
