
> recuerdos-de-cobre@0.1.0 dev
> next dev -p 3018

   ▲ Next.js 15.5.18
   - Local:        http://localhost:3018
   - Network:      http://192.168.1.36:3018
   - Environments: .env.local
   - Experiments (use with caution):
     · serverActions

 ✓ Starting...
 ✓ Ready in 2.7s
 ○ Compiling /v2/timeline ...
 ✓ Compiled /v2/timeline in 2.5s (718 modules)
 GET /v2/timeline 200 in 3679ms
 GET /v2/timeline 200 in 272ms
 ✓ Compiled in 464ms (704 modules)
 ✓ Compiled in 527ms (260 modules)
 ✓ Compiled /v2/timeline in 106ms (458 modules)
 GET /v2/timeline 200 in 1131ms
 GET /v2/timeline 200 in 336ms
 GET /v2/timeline 200 in 353ms
 ○ Compiling /v2/capitulos/[num] ...
 ✓ Compiled /v2/capitulos/[num] in 753ms (727 modules)
 GET /v2/capitulos/1 200 in 5910ms
 GET /v2/timeline 200 in 287ms
 GET /v2/timeline 200 in 316ms
 ✓ Compiled in 411ms (727 modules)
 ✓ Compiled in 622ms (741 modules)
 GET /v2/timeline 200 in 4820ms
 GET /v2/capitulos/1 200 in 4820ms
 GET /v2/timeline 200 in 515ms
 ✓ Compiled in 351ms (727 modules)
 GET /v2/timeline 200 in 1214ms
 GET /v2/capitulos/1 200 in 3758ms
 GET /v2/timeline 200 in 342ms
 GET /v2/timeline 200 in 415ms
 GET /v2/timeline 200 in 343ms
 ✓ Compiled in 274ms (479 modules)
 GET /v2/timeline 200 in 896ms
 ✓ Compiled in 264ms (479 modules)
 GET /v2/timeline 200 in 934ms
 ✓ Compiled in 598ms (741 modules)
 GET /v2/timeline 200 in 800ms
 GET /v2/timeline 200 in 496ms
 ○ Compiling /v2/personajes ...
 ✓ Compiled /v2/personajes in 579ms (744 modules)
 GET /v2/personajes 200 in 1597ms
 GET /v2/personajes 200 in 450ms
 ✓ Compiled in 294ms (490 modules)
 GET /v2/personajes 200 in 779ms
 GET /v2/personajes 200 in 431ms
 ✓ Compiled in 305ms (491 modules)
 GET /v2/personajes 200 in 689ms
 GET /v2/personajes 200 in 414ms
 GET /v2/personajes 200 in 795ms
 ✓ Compiled in 940ms (747 modules)
 GET /v2/personajes 200 in 628ms
 ✓ Compiled in 244ms (747 modules)
 GET /v2/personajes 200 in 952ms
 ✓ Compiled in 348ms (492 modules)
 GET /v2/personajes 200 in 739ms
 GET /v2/personajes 200 in 538ms
 ✓ Compiled in 586ms (747 modules)
 GET /v2/personajes 200 in 690ms
 GET /v2/personajes 200 in 514ms
 GET /v2/timeline 200 in 508ms
 GET /v2/capitulos/1 200 in 4013ms
 GET /v2/timeline 200 in 176ms
 GET /v2/capitulos/1 200 in 271ms
 GET /v2/timeline 200 in 162ms
 GET /v2/capitulos/1 200 in 228ms
 GET /v2/timeline 200 in 131ms
 GET /v2/capitulos/1 200 in 300ms
 GET /v2/timeline 200 in 124ms
 GET /v2/capitulos/1 200 in 238ms
 GET /v2/capitulos/1 200 in 144ms
 GET /v2/capitulos/1 200 in 146ms
 GET /v2/capitulos/1 200 in 78ms
 ○ Compiling /v2/capitulos ...
 ✓ Compiled /v2/capitulos in 566ms (759 modules)
 GET /v2/capitulos 200 in 1276ms
 GET /v2/capitulos/74 200 in 3016ms
 GET /v2/capitulos/74 200 in 115ms
 GET /v2/capitulos/74 200 in 72ms
 GET /v2/capitulos/79 200 in 66ms
 GET /v2/capitulos/80 200 in 61ms
 ○ Compiling /v2 ...
 ✓ Compiled /v2 in 514ms (768 modules)
 GET /v2 200 in 1188ms
 ✓ Compiled in 382ms (508 modules)
 ✓ Compiled in 456ms (508 modules)
 GET /v2/timeline 200 in 3891ms
 GET /v2 200 in 3627ms
 GET /v2/timeline 200 in 1807ms
 GET /v2 200 in 1959ms
 ✓ Compiled in 303ms (508 modules)
 ✓ Compiled in 301ms (508 modules)
 ✓ Compiled in 281ms (508 modules)
 ✓ Compiled in 185ms (508 modules)
 ✓ Compiled in 306ms (508 modules)
 ✓ Compiled in 189ms (508 modules)
   ▲ Next.js 15.5.18
   - Local:        http://localhost:3018
   - Network:      http://192.168.1.36:3018
   - Environments: .env.local
   - Experiments (use with caution):
     · serverActions

 ✓ Starting...
 ✓ Ready in 2.3s
   ▲ Next.js 15.5.18
   - Local:        http://localhost:3018
   - Network:      http://192.168.1.36:3018
   - Environments: .env.local
   - Experiments (use with caution):
     · serverActions

 ✓ Starting...
 ✓ Ready in 2.7s
   ▲ Next.js 15.5.18
   - Local:        http://localhost:3018
   - Network:      http://192.168.1.36:3018
   - Environments: .env.local
   - Experiments (use with caution):
     · serverActions

 ✓ Starting...
 ✓ Ready in 2.3s
   ▲ Next.js 15.5.18
   - Local:        http://localhost:3018
   - Network:      http://192.168.1.36:3018
   - Environments: .env.local
   - Experiments (use with caution):
     · serverActions

 ✓ Starting...
 ✓ Ready in 2.6s
   ▲ Next.js 15.5.18
   - Local:        http://localhost:3018
   - Network:      http://192.168.1.36:3018
   - Environments: .env.local
   - Experiments (use with caution):
     · serverActions

 ✓ Starting...
 ✓ Ready in 2.3s
   ▲ Next.js 15.5.18
   - Local:        http://localhost:3018
   - Network:      http://192.168.1.36:3018
   - Environments: .env.local
   - Experiments (use with caution):
     · serverActions

 ✓ Starting...
 ✓ Ready in 2.5s
   ▲ Next.js 15.5.18
   - Local:        http://localhost:3018
   - Network:      http://192.168.1.36:3018
   - Environments: .env.local
   - Experiments (use with caution):
     · serverActions

 ✓ Starting...
 ✓ Ready in 2.1s
 ○ Compiling / ...
 ✓ Compiled / in 1691ms (731 modules)
 GET / 200 in 3039ms
 ✓ Compiled /capitulos in 422ms (722 modules)
 GET /capitulos 200 in 976ms
 ✓ Compiled /_not-found in 236ms (727 modules)
 GET /v2/timeline 404 in 290ms
 GET /v2/timeline 404 in 99ms
 ✓ Compiled /timeline in 288ms (739 modules)
 GET /timeline 200 in 1106ms
 GET /timeline 200 in 236ms
 GET /timeline 200 in 243ms
 GET /v2/timeline 404 in 20ms
 GET /v2/timeline 404 in 35ms
 GET /timeline 200 in 287ms
 GET /timeline 200 in 349ms
 GET /timeline 200 in 357ms
 GET /timeline 200 in 398ms
 GET /timeline 200 in 311ms
 ✓ Compiled /dioses in 451ms (740 modules)
 GET /dioses 200 in 560ms
 GET /dioses 200 in 175ms
 ✓ Compiled /mundo in 347ms (756 modules)
 GET /mundo 200 in 963ms
 GET / 200 in 479ms
 GET / 200 in 39ms
 ✓ Compiled /capitulos in 215ms (495 modules)
 GET /capitulos 200 in 707ms
 GET / 200 in 159ms
 GET / 200 in 105ms
   ▲ Next.js 15.5.18
   - Local:        http://localhost:3018
   - Network:      http://192.168.1.36:3018
   - Environments: .env.local
   - Experiments (use with caution):
     · serverActions

 ✓ Starting...
 ✓ Ready in 1904ms
 ○ Compiling / ...
 ✓ Compiled / in 1308ms (729 modules)
 GET /personajes 200 in 2979ms
 GET / 200 in 3188ms
 ✓ Compiled /capitulos in 327ms (720 modules)
 GET /capitulos 200 in 1077ms
 ✓ Compiled /timeline in 168ms (732 modules)
 GET /timeline 200 in 734ms
 ✓ Compiled /misterios in 418ms (748 modules)
 GET /misterios 200 in 1301ms
 ✓ Compiled /personajes in 177ms (491 modules)
 GET /personajes 200 in 546ms
 ✓ Compiled /facciones in 402ms (769 modules)
 GET /facciones 200 in 664ms
 ○ Compiling /lugares ...
 ✓ Compiled /lugares in 527ms (775 modules)
 GET /lugares 200 in 710ms
 ○ Compiling /lugares/[slug] ...
 ✓ Compiled /lugares/[slug] in 653ms (805 modules)
 GET /lugares/santuario-libres 200 in 1357ms
 ○ Compiling /mapa ...
 ✓ Compiled /mapa in 636ms (908 modules)
 GET /mapa 200 in 786ms
 GET /lugares/santuario-libres 200 in 85ms
 ✓ Compiled /dioses in 369ms (917 modules)
 GET /dioses 200 in 485ms
 ✓ Compiled /mundo/[slug] in 308ms (922 modules)
 GET /mundo/familiar-de-la-raven-queen 200 in 3756ms
 ✓ Compiled /objetos in 461ms (930 modules)
 GET /objetos 200 in 1200ms
 ✓ Compiled /objetos/[slug] in 458ms (932 modules)
 GET /objetos/carta-de-nabish 200 in 3945ms
 ✓ Compiled /mundo in 499ms (940 modules)
 GET /mundo 200 in 1095ms
 GET /mundo/maldicion-del-desierto 200 in 2597ms
 ○ Compiling /capitulos/[num] ...
 ✓ Compiled /capitulos/[num] in 631ms (944 modules)
 GET /capitulos/24 200 in 4206ms
 GET /capitulos/24 200 in 54ms
 ✓ Compiled in 552ms (494 modules)
 GET /capitulos/24 200 in 5923ms
 ✓ Compiled in 1933ms (800 modules)
 GET /capitulos/24 200 in 5472ms
 ✓ Compiled in 1016ms (800 modules)
 GET /capitulos/24 200 in 6375ms
 ✓ Compiled in 1014ms (800 modules)
 GET /capitulos/24 200 in 6570ms
 ✓ Compiled in 927ms (800 modules)
 GET /capitulos/24 200 in 6053ms
 ✓ Compiled in 1150ms (800 modules)
 GET /capitulos/24 200 in 6086ms
 GET /capitulos/24 500 in 5948ms
 ○ Compiling /_error ...
 ✓ Compiled /_error in 4.8s (1133 modules)
 GET /capitulos/24 500 in 9433ms
 GET /capitulos/24 200 in 7777ms
 GET /capitulos/24 500 in 1332ms
 GET /capitulos/24 500 in 1646ms
 GET /capitulos/24 500 in 1508ms
 GET /capitulos/24 500 in 1172ms
 GET /capitulos/24 500 in 1334ms
 GET /capitulos/24 500 in 1089ms
 GET /capitulos/24 500 in 911ms
 GET /capitulos/24 500 in 1045ms
 ✓ Compiled in 518ms (688 modules)
 ✓ Compiled in 324ms (688 modules)
 ✓ Compiled in 776ms (1147 modules)
 ✓ Compiled in 713ms (1147 modules)
 ✓ Compiled in 594ms (1147 modules)
 GET /capitulos/24 200 in 19ms
 GET /capitulos/24 500 in 509ms
 GET /capitulos/24 500 in 45ms
 GET /capitulos/24 500 in 31ms
 GET /capitulos/24 500 in 33ms
 GET /capitulos/24 500 in 40ms
 GET /capitulos/24 500 in 37ms
 GET /capitulos/24 500 in 33ms
 GET /capitulos/24 500 in 39ms
 GET /capitulos/24 500 in 37ms
 GET /capitulos/24 500 in 31ms
 GET /capitulos/24 500 in 35ms
 GET /capitulos/24 500 in 31ms
 GET /capitulos/24 500 in 41ms
 GET /capitulos/24 500 in 32ms
 GET /capitulos/24 500 in 32ms
 GET /capitulos/24 500 in 31ms
 GET /capitulos/24 500 in 34ms
 GET /capitulos/24 500 in 31ms
 GET /capitulos/24 500 in 40ms
 GET /capitulos/24 500 in 32ms
 GET /capitulos/24 500 in 31ms
 GET /capitulos/24 500 in 46ms
 GET /capitulos/24 500 in 36ms
 GET /capitulos/24 500 in 34ms
 GET /capitulos/24 500 in 31ms
 GET /capitulos/24 500 in 33ms
 GET /capitulos/24 500 in 38ms
 GET /capitulos/24 500 in 38ms
 GET /capitulos/24 500 in 33ms
 GET /capitulos/24 500 in 31ms
 GET /capitulos/24 500 in 31ms
 GET /capitulos/24 500 in 49ms
 GET /capitulos/24 500 in 33ms
 GET /capitulos/24 500 in 31ms
 GET /capitulos/24 500 in 34ms
 GET /capitulos/24 500 in 32ms
 GET /capitulos/24 500 in 43ms
 GET /capitulos/24 500 in 32ms
 GET /capitulos/24 500 in 31ms
 GET /capitulos/24 500 in 33ms
 GET /capitulos/24 500 in 48ms
 GET /capitulos/24 500 in 33ms
 GET /capitulos/24 500 in 31ms
 GET /capitulos/24 500 in 33ms
 GET /capitulos/24 500 in 32ms
 GET /capitulos/24 500 in 32ms
 GET /capitulos/24 500 in 32ms
 GET /capitulos/24 500 in 33ms
 GET /capitulos/24 500 in 32ms
 GET /capitulos/24 500 in 32ms
 GET /capitulos/24 500 in 47ms
 GET /capitulos/24 500 in 32ms
 GET /capitulos/24 500 in 36ms
 GET /capitulos/24 500 in 32ms
 GET /capitulos/24 500 in 31ms
 GET /capitulos/24 500 in 42ms
 GET /capitulos/24 500 in 32ms
 GET /capitulos/24 500 in 33ms
 GET /capitulos/24 500 in 32ms
 GET /capitulos/24 500 in 45ms
 GET /capitulos/24 500 in 35ms
 GET /capitulos/24 500 in 32ms
 GET /capitulos/24 500 in 31ms
 GET /capitulos/24 500 in 32ms
 GET /capitulos/24 500 in 33ms
 GET /capitulos/24 500 in 32ms
 GET /capitulos/24 500 in 32ms
 GET /capitulos/24 500 in 31ms
 GET /capitulos/24 500 in 31ms
 GET /capitulos/24 500 in 49ms
 GET /capitulos/24 500 in 31ms
 GET /capitulos/24 500 in 31ms
 GET /capitulos/24 500 in 32ms
 GET /capitulos/24 500 in 31ms
 GET /capitulos/24 500 in 43ms
 GET /capitulos/24 500 in 32ms
 GET /capitulos/24 500 in 33ms
 GET /capitulos/24 500 in 31ms
 GET /capitulos/24 500 in 46ms
 GET /capitulos/24 500 in 39ms
 GET /capitulos/24 500 in 33ms
 GET /capitulos/24 500 in 33ms
 GET /capitulos/24 500 in 32ms
 GET /capitulos/24 500 in 32ms
 GET /capitulos/24 500 in 32ms
 GET /capitulos/24 500 in 32ms
 GET /capitulos/24 500 in 38ms
 GET /capitulos/24 500 in 40ms
 GET /capitulos/24 500 in 65ms
 GET /capitulos/24 500 in 34ms
 GET /capitulos/24 500 in 30ms
 GET /capitulos/24 500 in 34ms
 GET /capitulos/24 500 in 32ms
 GET /capitulos/24 500 in 45ms
 GET /capitulos/24 500 in 32ms
 GET /capitulos/24 500 in 40ms
 GET /capitulos/24 500 in 34ms
 GET /capitulos/24 500 in 49ms
 GET /capitulos/24 500 in 37ms
 GET /capitulos/24 500 in 33ms
 GET /capitulos/24 500 in 32ms
 GET /capitulos/24 500 in 36ms
 GET /capitulos/24 500 in 33ms
 GET /capitulos/24 500 in 35ms
 GET /capitulos/24 500 in 30ms
 GET /capitulos/24 500 in 31ms
 GET /capitulos/24 500 in 33ms
 GET /capitulos/24 500 in 50ms
 GET /capitulos/24 500 in 33ms
 GET /capitulos/24 500 in 33ms
 GET /capitulos/24 500 in 31ms
 GET /capitulos/24 500 in 30ms
 GET /capitulos/24 500 in 45ms
 GET /capitulos/24 500 in 32ms
 GET /capitulos/24 500 in 31ms
 GET /capitulos/24 500 in 31ms
 GET /capitulos/24 500 in 43ms
 GET /capitulos/24 500 in 33ms
 GET /capitulos/24 500 in 32ms
 GET /capitulos/24 500 in 31ms
 GET /capitulos/24 500 in 30ms
 GET /capitulos/24 500 in 33ms
 GET /capitulos/24 500 in 30ms
 GET /capitulos/24 500 in 31ms
 GET /capitulos/24 500 in 31ms
 GET /capitulos/24 500 in 32ms
 GET /capitulos/24 500 in 47ms
 GET /capitulos/24 500 in 31ms
 GET /capitulos/24 500 in 31ms
 GET /capitulos/24 500 in 33ms
 GET /capitulos/24 500 in 30ms
 GET /capitulos/24 500 in 41ms
 GET /capitulos/24 500 in 31ms
 GET /capitulos/24 500 in 31ms
 GET /capitulos/24 500 in 34ms
 GET /capitulos/24 500 in 46ms
 GET /capitulos/24 500 in 35ms
 GET /capitulos/24 500 in 34ms
 GET /capitulos/24 500 in 31ms
 GET /capitulos/24 500 in 30ms
 GET /capitulos/24 500 in 32ms
 GET /capitulos/24 500 in 30ms
 GET /capitulos/24 500 in 32ms
 GET /capitulos/24 500 in 32ms
 GET /capitulos/24 500 in 31ms
 GET /capitulos/24 500 in 59ms
 ✓ Compiled in 575ms (688 modules)
 ✓ Compiled in 822ms (1133 modules)
 ✓ Compiled in 476ms (688 modules)
 GET /capitulos/24 500 in 6238ms
 GET /capitulos/24 500 in 321ms
 ✓ Compiled in 469ms (688 modules)
 GET /capitulos/24 500 in 428ms
 ✓ Compiled in 382ms (688 modules)
 GET /capitulos/24 500 in 393ms
 ✓ Compiled in 679ms (1147 modules)
 GET /capitulos/24 500 in 526ms
 ✓ Compiled in 976ms (1133 modules)
 ✓ Compiled in 891ms (1147 modules)
 ✓ Compiled in 1286ms (1147 modules)
 ✓ Compiled in 2.3s (1147 modules)
 ✓ Compiled in 1954ms (1147 modules)
 ✓ Compiled in 798ms (1147 modules)
 ✓ Compiled in 811ms (1147 modules)
 ✓ Compiled in 1565ms (1133 modules)
 ✓ Compiled in 1017ms (1147 modules)
 ✓ Compiled in 911ms (1147 modules)
 ✓ Compiled in 1233ms (1147 modules)
 ✓ Compiled in 380ms (688 modules)
 ✓ Compiled in 202ms (688 modules)
 ✓ Compiled in 771ms (1147 modules)
 ✓ Compiled in 780ms (1147 modules)
 ✓ Compiled in 221ms (688 modules)
 ✓ Compiled in 610ms (1159 modules)
 ✓ Compiled in 102ms (459 modules)
 ✓ Compiled in 100ms (459 modules)
 ✓ Compiled in 720ms (1173 modules)
 ✓ Compiled in 149ms (459 modules)
 ✓ Compiled in 331ms (1159 modules)
 ✓ Compiled in 376ms (1159 modules)
 ✓ Compiled in 1241ms (1173 modules)
 ✓ Compiled in 501ms (700 modules)
 ✓ Compiled in 490ms (1159 modules)
 ✓ Compiled in 518ms (1159 modules)
